SQL> create user bzbh IDENTIFIED bzbh;
create user bzbh IDENTIFIED bzbh
                            *
ERROR at line 1:
ORA-00924: missing BY keyword 


SQL> create user bzbh identified bzbh;
create user bzbh identified bzbh
                            *
ERROR at line 1:
ORA-00924: missing BY keyword 


SQL> create user bzbh identified by bzbh;

User created.

SQL> grant dba to user bzbh;
grant dba to user bzbh
             *
ERROR at line 1:
ORA-00987: missing or invalid username(s) 


SQL> brant dba to user bzbh;
SP2-0734: unknown command beginning "brant dba ..." - rest of line ignored.
SQL> grant dba to user bzbh;
grant dba to user bzbh
             *
ERROR at line 1:
ORA-00987: missing or invalid username(s) 


SQL> grant dba to bzbh;

Grant succeeded.

SQL> conn bzbh/bzbh;
ERROR:
ORA-12162: TNS:net service name is incorrectly specified 


Warning: You are no longer connected to ORACLE.
SQL> conn bzbh/bzbh@orcl;
Connected.
SQL> @create
SP2-0310: unable to open file "create.sql"
SQL> start /users/jack/git/db/bzbh/create.sql;
SP2-0310: unable to open file "/users/jack/git/db/bzbh/create.sql"
SQL> start /users/jack/git/db/bzbh/create.txt;

Table created.


Table created.


Table created.


Table created.


Table created.


Table altered.


Table altered.


Table altered.


Table altered.


Table altered.


Table altered.


Table altered.


Table altered.


Table altered.

SQL> start /users/jack/git/db/bzbh/populate.txt;

1 row created.


1 row created.


1 row created.


1 row created.


1 row created.


1 row created.


1 row created.


1 row created.


1 row created.


1 row created.


1 row created.


1 row created.


1 row created.


1 row created.


1 row created.


1 row created.


1 row created.


1 row created.


1 row created.


1 row created.


1 row created.


1 row created.


1 row created.


1 row created.


1 row created.


1 row created.


1 row created.


1 row created.


1 row created.


1 row created.


1 row created.


1 row created.


1 row created.


1 row created.


1 row created.


1 row created.


1 row created.


1 row created.


1 row created.


1 row created.


1 row created.


1 row created.


1 row created.

SQL> select * from tab;

TNAME                          TABTYPE  CLUSTERID                                                   
------------------------------ ------- ----------                                                   
CUSTOMERS                      TABLE                                                                
ORDERITEMS                     TABLE                                                                
ORDERS                         TABLE                                                                
PRODUCTS                       TABLE                                                                
VENDORS                        TABLE                                                                

SQL> select prod_name from products;

PROD_NAME                                                                                           
----------------------------------------------------------------------------------------------------
8 inch teddy bear                                                                                   
                                                                                                    
                                                                                                    
                                                                                                    
12 inch teddy bear                                                                                  
                                                                                                    
                                                                                                    
                                                                                                    
18 inch teddy bear                                                                                  
                                                                                                    
                                                                                                    

PROD_NAME                                                                                           
----------------------------------------------------------------------------------------------------
                                                                                                    
Fish bean bag toy                                                                                   
                                                                                                    
                                                                                                    
                                                                                                    
Bird bean bag toy                                                                                   
                                                                                                    
                                                                                                    
                                                                                                    
Rabbit bean bag toy                                                                                 
                                                                                                    

PROD_NAME                                                                                           
----------------------------------------------------------------------------------------------------
                                                                                                    
                                                                                                    
Raggedy Ann                                                                                         
                                                                                                    
                                                                                                    
                                                                                                    
King doll                                                                                           
                                                                                                    
                                                                                                    
                                                                                                    
Queen doll                                                                                          

PROD_NAME                                                                                           
----------------------------------------------------------------------------------------------------
                                                                                                    
                                                                                                    
                                                                                                    

9 rows selected.

SQL> desc products;
 Name                                                  Null?    Type
 ----------------------------------------------------- -------- ------------------------------------
 PROD_ID                                               NOT NULL CHAR(10)
 VEND_ID                                               NOT NULL CHAR(10)
 PROD_NAME                                             NOT NULL CHAR(255)
 PROD_PRICE                                            NOT NULL NUMBER(8,2)
 PROD_DESC                                                      VARCHAR2(1000)

SQL> select * from products;

PROD_ID    VEND_ID                                                                                  
---------- ----------                                                                               
PROD_NAME                                                                                           
----------------------------------------------------------------------------------------------------
PROD_PRICE                                                                                          
----------                                                                                          
PROD_DESC                                                                                           
----------------------------------------------------------------------------------------------------
BR01       BRS01                                                                                    
8 inch teddy bear                                                                                   
                                                                                                    
                                                                                                    
      5.99                                                                                          

PROD_ID    VEND_ID                                                                                  
---------- ----------                                                                               
PROD_NAME                                                                                           
----------------------------------------------------------------------------------------------------
PROD_PRICE                                                                                          
----------                                                                                          
PROD_DESC                                                                                           
----------------------------------------------------------------------------------------------------
8 inch teddy bear, comes with cap and jacket                                                        
                                                                                                    
BR02       BRS01                                                                                    
12 inch teddy bear                                                                                  
                                                                                                    

PROD_ID    VEND_ID                                                                                  
---------- ----------                                                                               
PROD_NAME                                                                                           
----------------------------------------------------------------------------------------------------
PROD_PRICE                                                                                          
----------                                                                                          
PROD_DESC                                                                                           
----------------------------------------------------------------------------------------------------
                                                                                                    
      8.99                                                                                          
12 inch teddy bear, comes with cap and jacket                                                       
                                                                                                    
BR03       BRS01                                                                                    

PROD_ID    VEND_ID                                                                                  
---------- ----------                                                                               
PROD_NAME                                                                                           
----------------------------------------------------------------------------------------------------
PROD_PRICE                                                                                          
----------                                                                                          
PROD_DESC                                                                                           
----------------------------------------------------------------------------------------------------
18 inch teddy bear                                                                                  
                                                                                                    
                                                                                                    
     11.99                                                                                          
18 inch teddy bear, comes with cap and jacket                                                       

PROD_ID    VEND_ID                                                                                  
---------- ----------                                                                               
PROD_NAME                                                                                           
----------------------------------------------------------------------------------------------------
PROD_PRICE                                                                                          
----------                                                                                          
PROD_DESC                                                                                           
----------------------------------------------------------------------------------------------------
                                                                                                    
BNBG01     DLL01                                                                                    
Fish bean bag toy                                                                                   
                                                                                                    
                                                                                                    

PROD_ID    VEND_ID                                                                                  
---------- ----------                                                                               
PROD_NAME                                                                                           
----------------------------------------------------------------------------------------------------
PROD_PRICE                                                                                          
----------                                                                                          
PROD_DESC                                                                                           
----------------------------------------------------------------------------------------------------
      3.49                                                                                          
Fish bean bag toy, complete with bean bag worms with which to feed it                               
                                                                                                    
BNBG02     DLL01                                                                                    
Bird bean bag toy                                                                                   

PROD_ID    VEND_ID                                                                                  
---------- ----------                                                                               
PROD_NAME                                                                                           
----------------------------------------------------------------------------------------------------
PROD_PRICE                                                                                          
----------                                                                                          
PROD_DESC                                                                                           
----------------------------------------------------------------------------------------------------
                                                                                                    
                                                                                                    
      3.49                                                                                          
Bird bean bag toy, eggs are not included                                                            
                                                                                                    

PROD_ID    VEND_ID                                                                                  
---------- ----------                                                                               
PROD_NAME                                                                                           
----------------------------------------------------------------------------------------------------
PROD_PRICE                                                                                          
----------                                                                                          
PROD_DESC                                                                                           
----------------------------------------------------------------------------------------------------
BNBG03     DLL01                                                                                    
Rabbit bean bag toy                                                                                 
                                                                                                    
                                                                                                    
      3.49                                                                                          

PROD_ID    VEND_ID                                                                                  
---------- ----------                                                                               
PROD_NAME                                                                                           
----------------------------------------------------------------------------------------------------
PROD_PRICE                                                                                          
----------                                                                                          
PROD_DESC                                                                                           
----------------------------------------------------------------------------------------------------
Rabbit bean bag toy, comes with bean bag carrots                                                    
                                                                                                    
RGAN01     DLL01                                                                                    
Raggedy Ann                                                                                         
                                                                                                    

PROD_ID    VEND_ID                                                                                  
---------- ----------                                                                               
PROD_NAME                                                                                           
----------------------------------------------------------------------------------------------------
PROD_PRICE                                                                                          
----------                                                                                          
PROD_DESC                                                                                           
----------------------------------------------------------------------------------------------------
                                                                                                    
      4.99                                                                                          
18 inch Raggedy Ann doll                                                                            
                                                                                                    
RYL01      FNG01                                                                                    

PROD_ID    VEND_ID                                                                                  
---------- ----------                                                                               
PROD_NAME                                                                                           
----------------------------------------------------------------------------------------------------
PROD_PRICE                                                                                          
----------                                                                                          
PROD_DESC                                                                                           
----------------------------------------------------------------------------------------------------
King doll                                                                                           
                                                                                                    
                                                                                                    
      9.49                                                                                          
12 inch king doll with royal garments and crown                                                     

PROD_ID    VEND_ID                                                                                  
---------- ----------                                                                               
PROD_NAME                                                                                           
----------------------------------------------------------------------------------------------------
PROD_PRICE                                                                                          
----------                                                                                          
PROD_DESC                                                                                           
----------------------------------------------------------------------------------------------------
                                                                                                    
RYL02      FNG01                                                                                    
Queen doll                                                                                          
                                                                                                    
                                                                                                    

PROD_ID    VEND_ID                                                                                  
---------- ----------                                                                               
PROD_NAME                                                                                           
----------------------------------------------------------------------------------------------------
PROD_PRICE                                                                                          
----------                                                                                          
PROD_DESC                                                                                           
----------------------------------------------------------------------------------------------------
      9.49                                                                                          
12 inch queen doll with royal garments and crown                                                    
                                                                                                    

9 rows selected.

SQL> select prod_name from products;

PROD_NAME                                                                                           
----------------------------------------------------------------------------------------------------
8 inch teddy bear                                                                                   
                                                                                                    
                                                                                                    
                                                                                                    
12 inch teddy bear                                                                                  
                                                                                                    
                                                                                                    
                                                                                                    
18 inch teddy bear                                                                                  
                                                                                                    
                                                                                                    

PROD_NAME                                                                                           
----------------------------------------------------------------------------------------------------
                                                                                                    
Fish bean bag toy                                                                                   
                                                                                                    
                                                                                                    
                                                                                                    
Bird bean bag toy                                                                                   
                                                                                                    
                                                                                                    
                                                                                                    
Rabbit bean bag toy                                                                                 
                                                                                                    

PROD_NAME                                                                                           
----------------------------------------------------------------------------------------------------
                                                                                                    
                                                                                                    
Raggedy Ann                                                                                         
                                                                                                    
                                                                                                    
                                                                                                    
King doll                                                                                           
                                                                                                    
                                                                                                    
                                                                                                    
Queen doll                                                                                          

PROD_NAME                                                                                           
----------------------------------------------------------------------------------------------------
                                                                                                    
                                                                                                    
                                                                                                    

9 rows selected.

SQL> set pagesize 30;
SQL> select prod_name from products;

PROD_NAME                                                                                           
----------------------------------------------------------------------------------------------------
8 inch teddy bear                                                                                   
                                                                                                    
                                                                                                    
                                                                                                    
12 inch teddy bear                                                                                  
                                                                                                    
                                                                                                    
                                                                                                    
18 inch teddy bear                                                                                  
                                                                                                    
                                                                                                    
                                                                                                    
Fish bean bag toy                                                                                   
                                                                                                    
                                                                                                    
                                                                                                    
Bird bean bag toy                                                                                   
                                                                                                    
                                                                                                    
                                                                                                    
Rabbit bean bag toy                                                                                 
                                                                                                    
                                                                                                    
                                                                                                    
Raggedy Ann                                                                                         
                                                                                                    
                                                                                                    

PROD_NAME                                                                                           
----------------------------------------------------------------------------------------------------
                                                                                                    
King doll                                                                                           
                                                                                                    
                                                                                                    
                                                                                                    
Queen doll                                                                                          
                                                                                                    
                                                                                                    
                                                                                                    

9 rows selected.

SQL> select prod_id, prod_name, prod_price
  2  from products;

PROD_ID                                                                                             
----------                                                                                          
PROD_NAME                                                                                           
----------------------------------------------------------------------------------------------------
PROD_PRICE                                                                                          
----------                                                                                          
BR01                                                                                                
8 inch teddy bear                                                                                   
                                                                                                    
                                                                                                    
      5.99                                                                                          
                                                                                                    
BR02                                                                                                
12 inch teddy bear                                                                                  
                                                                                                    
                                                                                                    
      8.99                                                                                          
                                                                                                    
BR03                                                                                                
18 inch teddy bear                                                                                  
                                                                                                    
                                                                                                    
     11.99                                                                                          
                                                                                                    
BNBG01                                                                                              
Fish bean bag toy                                                                                   
                                                                                                    
                                                                                                    
      3.49                                                                                          

PROD_ID                                                                                             
----------                                                                                          
PROD_NAME                                                                                           
----------------------------------------------------------------------------------------------------
PROD_PRICE                                                                                          
----------                                                                                          
                                                                                                    
BNBG02                                                                                              
Bird bean bag toy                                                                                   
                                                                                                    
                                                                                                    
      3.49                                                                                          
                                                                                                    
BNBG03                                                                                              
Rabbit bean bag toy                                                                                 
                                                                                                    
                                                                                                    
      3.49                                                                                          
                                                                                                    
RGAN01                                                                                              
Raggedy Ann                                                                                         
                                                                                                    
                                                                                                    
      4.99                                                                                          
                                                                                                    
RYL01                                                                                               
King doll                                                                                           
                                                                                                    
                                                                                                    

PROD_ID                                                                                             
----------                                                                                          
PROD_NAME                                                                                           
----------------------------------------------------------------------------------------------------
PROD_PRICE                                                                                          
----------                                                                                          
      9.49                                                                                          
                                                                                                    
RYL02                                                                                               
Queen doll                                                                                          
                                                                                                    
                                                                                                    
      9.49                                                                                          
                                                                                                    

9 rows selected.

SQL> col prod_name format a30;
SQL> select prod_id, prod_name, prod_price
  2  from products;

PROD_ID    PROD_NAME                      PROD_PRICE                                                
---------- ------------------------------ ----------                                                
BR01       8 inch teddy bear                    5.99                                                
                                                                                                    
                                                                                                    
                                                                                                    
                                                                                                    
                                                                                                    
                                                                                                    
                                                                                                    
                                                                                                    
                                                                                                    
BR02       12 inch teddy bear                   8.99                                                
                                                                                                    
                                                                                                    
                                                                                                    
                                                                                                    
                                                                                                    
                                                                                                    
                                                                                                    
                                                                                                    
                                                                                                    
BR03       18 inch teddy bear                  11.99                                                
                                                                                                    
                                                                                                    
                                                                                                    
                                                                                                    
                                                                                                    
                                                                                                    

PROD_ID    PROD_NAME                      PROD_PRICE                                                
---------- ------------------------------ ----------                                                
                                                                                                    
                                                                                                    
                                                                                                    
BNBG01     Fish bean bag toy                    3.49                                                
                                                                                                    
                                                                                                    
                                                                                                    
                                                                                                    
                                                                                                    
                                                                                                    
                                                                                                    
                                                                                                    
                                                                                                    
BNBG02     Bird bean bag toy                    3.49                                                
                                                                                                    
                                                                                                    
                                                                                                    
                                                                                                    
                                                                                                    
                                                                                                    
                                                                                                    
                                                                                                    
                                                                                                    
BNBG03     Rabbit bean bag toy                  3.49                                                
                                                                                                    
                                                                                                    
                                                                                                    

PROD_ID    PROD_NAME                      PROD_PRICE                                                
---------- ------------------------------ ----------                                                
                                                                                                    
                                                                                                    
                                                                                                    
                                                                                                    
                                                                                                    
                                                                                                    
RGAN01     Raggedy Ann                          4.99                                                
                                                                                                    
                                                                                                    
                                                                                                    
                                                                                                    
                                                                                                    
                                                                                                    
                                                                                                    
                                                                                                    
                                                                                                    
RYL01      King doll                            9.49                                                
                                                                                                    
                                                                                                    
                                                                                                    
                                                                                                    
                                                                                                    
                                                                                                    
                                                                                                    
                                                                                                    
                                                                                                    
RYL02      Queen doll                           9.49                                                

PROD_ID    PROD_NAME                      PROD_PRICE                                                
---------- ------------------------------ ----------                                                
                                                                                                    
                                                                                                    
                                                                                                    
                                                                                                    
                                                                                                    
                                                                                                    
                                                                                                    
                                                                                                    
                                                                                                    

9 rows selected.

SQL> commit;

Commit complete.

SQL> select prod_id, prod_name, prod_price
  2  commit;
commit
     *
ERROR at line 2:
ORA-00923: FROM keyword not found where expected 


SQL> select prod_id, prod_name, prod_price
  2  from products;

PROD_ID    PROD_NAME                      PROD_PRICE                                                
---------- ------------------------------ ----------                                                
BR01       8 inch teddy bear                    5.99                                                
                                                                                                    
                                                                                                    
                                                                                                    
                                                                                                    
                                                                                                    
                                                                                                    
                                                                                                    
                                                                                                    
                                                                                                    
BR02       12 inch teddy bear                   8.99                                                
                                                                                                    
                                                                                                    
                                                                                                    
                                                                                                    
                                                                                                    
                                                                                                    
                                                                                                    
                                                                                                    
                                                                                                    
BR03       18 inch teddy bear                  11.99                                                
                                                                                                    
                                                                                                    
                                                                                                    
                                                                                                    
                                                                                                    
                                                                                                    

PROD_ID    PROD_NAME                      PROD_PRICE                                                
---------- ------------------------------ ----------                                                
                                                                                                    
                                                                                                    
                                                                                                    
BNBG01     Fish bean bag toy                    3.49                                                
                                                                                                    
                                                                                                    
                                                                                                    
                                                                                                    
                                                                                                    
                                                                                                    
                                                                                                    
                                                                                                    
                                                                                                    
BNBG02     Bird bean bag toy                    3.49                                                
                                                                                                    
                                                                                                    
                                                                                                    
                                                                                                    
                                                                                                    
                                                                                                    
                                                                                                    
                                                                                                    
                                                                                                    
BNBG03     Rabbit bean bag toy                  3.49                                                
                                                                                                    
                                                                                                    
                                                                                                    

PROD_ID    PROD_NAME                      PROD_PRICE                                                
---------- ------------------------------ ----------                                                
                                                                                                    
                                                                                                    
                                                                                                    
                                                                                                    
                                                                                                    
                                                                                                    
RGAN01     Raggedy Ann                          4.99                                                
                                                                                                    
                                                                                                    
                                                                                                    
                                                                                                    
                                                                                                    
                                                                                                    
                                                                                                    
                                                                                                    
                                                                                                    
RYL01      King doll                            9.49                                                
                                                                                                    
                                                                                                    
                                                                                                    
                                                                                                    
                                                                                                    
                                                                                                    
                                                                                                    
                                                                                                    
                                                                                                    
RYL02      Queen doll                           9.49                                                

PROD_ID    PROD_NAME                      PROD_PRICE                                                
---------- ------------------------------ ----------                                                
                                                                                                    
                                                                                                    
                                                                                                    
                                                                                                    
                                                                                                    
                                                                                                    
                                                                                                    
                                                                                                    
                                                                                                    

9 rows selected.

SQL> set lizesize 200;
SP2-0158: unknown SET option "lizesize"
SQL> set linesize 200;
SQL> select prod_id, prod_name, prod_price
  2  from products;

PROD_ID    PROD_NAME                      PROD_PRICE                                                                                                                                                    
---------- ------------------------------ ----------                                                                                                                                                    
BR01       8 inch teddy bear                    5.99                                                                                                                                                    
                                                                                                                                                                                                        
                                                                                                                                                                                                        
                                                                                                                                                                                                        
                                                                                                                                                                                                        
                                                                                                                                                                                                        
                                                                                                                                                                                                        
                                                                                                                                                                                                        
                                                                                                                                                                                                        
                                                                                                                                                                                                        
BR02       12 inch teddy bear                   8.99                                                                                                                                                    
                                                                                                                                                                                                        
                                                                                                                                                                                                        
                                                                                                                                                                                                        
                                                                                                                                                                                                        
                                                                                                                                                                                                        
                                                                                                                                                                                                        
                                                                                                                                                                                                        
                                                                                                                                                                                                        
                                                                                                                                                                                                        
BR03       18 inch teddy bear                  11.99                                                                                                                                                    
                                                                                                                                                                                                        
                                                                                                                                                                                                        
                                                                                                                                                                                                        
                                                                                                                                                                                                        
                                                                                                                                                                                                        
                                                                                                                                                                                                        

PROD_ID    PROD_NAME                      PROD_PRICE                                                                                                                                                    
---------- ------------------------------ ----------                                                                                                                                                    
                                                                                                                                                                                                        
                                                                                                                                                                                                        
                                                                                                                                                                                                        
BNBG01     Fish bean bag toy                    3.49                                                                                                                                                    
                                                                                                                                                                                                        
                                                                                                                                                                                                        
                                                                                                                                                                                                        
                                                                                                                                                                                                        
                                                                                                                                                                                                        
                                                                                                                                                                                                        
                                                                                                                                                                                                        
                                                                                                                                                                                                        
                                                                                                                                                                                                        
BNBG02     Bird bean bag toy                    3.49                                                                                                                                                    
                                                                                                                                                                                                        
                                                                                                                                                                                                        
                                                                                                                                                                                                        
                                                                                                                                                                                                        
                                                                                                                                                                                                        
                                                                                                                                                                                                        
                                                                                                                                                                                                        
                                                                                                                                                                                                        
                                                                                                                                                                                                        
BNBG03     Rabbit bean bag toy                  3.49                                                                                                                                                    
                                                                                                                                                                                                        
                                                                                                                                                                                                        
                                                                                                                                                                                                        

PROD_ID    PROD_NAME                      PROD_PRICE                                                                                                                                                    
---------- ------------------------------ ----------                                                                                                                                                    
                                                                                                                                                                                                        
                                                                                                                                                                                                        
                                                                                                                                                                                                        
                                                                                                                                                                                                        
                                                                                                                                                                                                        
                                                                                                                                                                                                        
RGAN01     Raggedy Ann                          4.99                                                                                                                                                    
                                                                                                                                                                                                        
                                                                                                                                                                                                        
                                                                                                                                                                                                        
                                                                                                                                                                                                        
                                                                                                                                                                                                        
                                                                                                                                                                                                        
                                                                                                                                                                                                        
                                                                                                                                                                                                        
                                                                                                                                                                                                        
RYL01      King doll                            9.49                                                                                                                                                    
                                                                                                                                                                                                        
                                                                                                                                                                                                        
                                                                                                                                                                                                        
                                                                                                                                                                                                        
                                                                                                                                                                                                        
                                                                                                                                                                                                        
                                                                                                                                                                                                        
                                                                                                                                                                                                        
                                                                                                                                                                                                        
RYL02      Queen doll                           9.49                                                                                                                                                    

PROD_ID    PROD_NAME                      PROD_PRICE                                                                                                                                                    
---------- ------------------------------ ----------                                                                                                                                                    
                                                                                                                                                                                                        
                                                                                                                                                                                                        
                                                                                                                                                                                                        
                                                                                                                                                                                                        
                                                                                                                                                                                                        
                                                                                                                                                                                                        
                                                                                                                                                                                                        
                                                                                                                                                                                                        
                                                                                                                                                                                                        

9 rows selected.

SQL> select prod_id, prod_name, prod_price
  2  from products
  3  where prod_id = 'RYL02';

PROD_ID    PROD_NAME                      PROD_PRICE                                                                                                                                                    
---------- ------------------------------ ----------                                                                                                                                                    
RYL02      Queen doll                           9.49                                                                                                                                                    
                                                                                                                                                                                                        
                                                                                                                                                                                                        
                                                                                                                                                                                                        
                                                                                                                                                                                                        
                                                                                                                                                                                                        
                                                                                                                                                                                                        
                                                                                                                                                                                                        
                                                                                                                                                                                                        
                                                                                                                                                                                                        

SQL> quit
SQL> quit
SQL> show user;
USER is "BZBH"
SQL> select * from tab;

TNAME                          TABTYPE  CLUSTERID                                                   
------------------------------ ------- ----------                                                   
CUSTOMERS                      TABLE                                                                
ORDERITEMS                     TABLE                                                                
ORDERS                         TABLE                                                                
PRODUCTS                       TABLE                                                                
VENDORS                        TABLE                                                                

SQL> select prod_id * from products;
select prod_id * from products
                 *
ERROR at line 1:
ORA-00936: missing expression 


SQL> select
  2  #desc products;
 Name                                                  Null?    Type
 ----------------------------------------------------- -------- ------------------------------------
 PROD_ID                                               NOT NULL CHAR(10)
 VEND_ID                                               NOT NULL CHAR(10)
 PROD_NAME                                             NOT NULL CHAR(255)
 PROD_PRICE                                            NOT NULL NUMBER(8,2)
 PROD_DESC                                                      VARCHAR2(1000)

  2  prod_id from products;

PROD_ID                                                                                             
----------                                                                                          
BNBG01                                                                                              
BNBG02                                                                                              
BNBG03                                                                                              
BR01                                                                                                
BR02                                                                                                
BR03                                                                                                
RGAN01                                                                                              
RYL01                                                                                               
RYL02                                                                                               

9 rows selected.

SQL> select prod_id, prod_name, prod_desc
  2  from products;

PROD_ID                                                                                             
----------                                                                                          
PROD_NAME                                                                                           
----------------------------------------------------------------------------------------------------
PROD_DESC                                                                                           
----------------------------------------------------------------------------------------------------
BR01                                                                                                
8 inch teddy bear                                                                                   
                                                                                                    
                                                                                                    
8 inch teddy bear, comes with cap and jacket                                                        
                                                                                                    
BR02                                                                                                

PROD_ID                                                                                             
----------                                                                                          
PROD_NAME                                                                                           
----------------------------------------------------------------------------------------------------
PROD_DESC                                                                                           
----------------------------------------------------------------------------------------------------
12 inch teddy bear                                                                                  
                                                                                                    
                                                                                                    
12 inch teddy bear, comes with cap and jacket                                                       
                                                                                                    
BR03                                                                                                
18 inch teddy bear                                                                                  

PROD_ID                                                                                             
----------                                                                                          
PROD_NAME                                                                                           
----------------------------------------------------------------------------------------------------
PROD_DESC                                                                                           
----------------------------------------------------------------------------------------------------
                                                                                                    
                                                                                                    
18 inch teddy bear, comes with cap and jacket                                                       
                                                                                                    
BNBG01                                                                                              
Fish bean bag toy                                                                                   
                                                                                                    

PROD_ID                                                                                             
----------                                                                                          
PROD_NAME                                                                                           
----------------------------------------------------------------------------------------------------
PROD_DESC                                                                                           
----------------------------------------------------------------------------------------------------
                                                                                                    
Fish bean bag toy, complete with bean bag worms with which to feed it                               
                                                                                                    
BNBG02                                                                                              
Bird bean bag toy                                                                                   
                                                                                                    
                                                                                                    

PROD_ID                                                                                             
----------                                                                                          
PROD_NAME                                                                                           
----------------------------------------------------------------------------------------------------
PROD_DESC                                                                                           
----------------------------------------------------------------------------------------------------
Bird bean bag toy, eggs are not included                                                            
                                                                                                    
BNBG03                                                                                              
Rabbit bean bag toy                                                                                 
                                                                                                    
                                                                                                    
Rabbit bean bag toy, comes with bean bag carrots                                                    

PROD_ID                                                                                             
----------                                                                                          
PROD_NAME                                                                                           
----------------------------------------------------------------------------------------------------
PROD_DESC                                                                                           
----------------------------------------------------------------------------------------------------
                                                                                                    
RGAN01                                                                                              
Raggedy Ann                                                                                         
                                                                                                    
                                                                                                    
18 inch Raggedy Ann doll                                                                            
                                                                                                    

PROD_ID                                                                                             
----------                                                                                          
PROD_NAME                                                                                           
----------------------------------------------------------------------------------------------------
PROD_DESC                                                                                           
----------------------------------------------------------------------------------------------------
RYL01                                                                                               
King doll                                                                                           
                                                                                                    
                                                                                                    
12 inch king doll with royal garments and crown                                                     
                                                                                                    
RYL02                                                                                               

PROD_ID                                                                                             
----------                                                                                          
PROD_NAME                                                                                           
----------------------------------------------------------------------------------------------------
PROD_DESC                                                                                           
----------------------------------------------------------------------------------------------------
Queen doll                                                                                          
                                                                                                    
                                                                                                    
12 inch queen doll with royal garments and crown                                                    
                                                                                                    

9 rows selected.

SQL> quit
SQL> select prod_id, prod_name, prod_desc
  2  from products;

PROD_ID    PROD_NAME                                                                                
---------- -------------------------                                                                
PROD_DESC                                                                                           
----------------------------------------------------------------------------------------------------
BR01       8 inch teddy bear                                                                        
                                                                                                    
                                                                                                    
                                                                                                    
                                                                                                    
                                                                                                    
                                                                                                    
                                                                                                    
                                                                                                    

PROD_ID    PROD_NAME                                                                                
---------- -------------------------                                                                
PROD_DESC                                                                                           
----------------------------------------------------------------------------------------------------
                                                                                                    
                                                                                                    
8 inch teddy bear, comes with cap and jacket                                                        
                                                                                                    
BR02       12 inch teddy bear                                                                       
                                                                                                    
                                                                                                    
                                                                                                    
                                                                                                    

PROD_ID    PROD_NAME                                                                                
---------- -------------------------                                                                
PROD_DESC                                                                                           
----------------------------------------------------------------------------------------------------
                                                                                                    
                                                                                                    
                                                                                                    
                                                                                                    
                                                                                                    
                                                                                                    
12 inch teddy bear, comes with cap and jacket                                                       
                                                                                                    
BR03       18 inch teddy bear                                                                       

PROD_ID    PROD_NAME                                                                                
---------- -------------------------                                                                
PROD_DESC                                                                                           
----------------------------------------------------------------------------------------------------
                                                                                                    
                                                                                                    
                                                                                                    
                                                                                                    
                                                                                                    
                                                                                                    
                                                                                                    
                                                                                                    
                                                                                                    

PROD_ID    PROD_NAME                                                                                
---------- -------------------------                                                                
PROD_DESC                                                                                           
----------------------------------------------------------------------------------------------------
                                                                                                    
18 inch teddy bear, comes with cap and jacket                                                       
                                                                                                    
BNBG01     Fish bean bag toy                                                                        
                                                                                                    
                                                                                                    
                                                                                                    
                                                                                                    
                                                                                                    

PROD_ID    PROD_NAME                                                                                
---------- -------------------------                                                                
PROD_DESC                                                                                           
----------------------------------------------------------------------------------------------------
                                                                                                    
                                                                                                    
                                                                                                    
                                                                                                    
                                                                                                    
Fish bean bag toy, complete with bean bag worms with which to feed it                               
                                                                                                    
BNBG02     Bird bean bag toy                                                                        
                                                                                                    

PROD_ID    PROD_NAME                                                                                
---------- -------------------------                                                                
PROD_DESC                                                                                           
----------------------------------------------------------------------------------------------------
                                                                                                    
                                                                                                    
                                                                                                    
                                                                                                    
                                                                                                    
                                                                                                    
                                                                                                    
                                                                                                    
                                                                                                    

PROD_ID    PROD_NAME                                                                                
---------- -------------------------                                                                
PROD_DESC                                                                                           
----------------------------------------------------------------------------------------------------
Bird bean bag toy, eggs are not included                                                            
                                                                                                    
BNBG03     Rabbit bean bag toy                                                                      
                                                                                                    
                                                                                                    
                                                                                                    
                                                                                                    
                                                                                                    
                                                                                                    

PROD_ID    PROD_NAME                                                                                
---------- -------------------------                                                                
PROD_DESC                                                                                           
----------------------------------------------------------------------------------------------------
                                                                                                    
                                                                                                    
                                                                                                    
                                                                                                    
Rabbit bean bag toy, comes with bean bag carrots                                                    
                                                                                                    
RGAN01     Raggedy Ann                                                                              
                                                                                                    
                                                                                                    

PROD_ID    PROD_NAME                                                                                
---------- -------------------------                                                                
PROD_DESC                                                                                           
----------------------------------------------------------------------------------------------------
                                                                                                    
                                                                                                    
                                                                                                    
                                                                                                    
                                                                                                    
                                                                                                    
                                                                                                    
                                                                                                    
18 inch Raggedy Ann doll                                                                            

PROD_ID    PROD_NAME                                                                                
---------- -------------------------                                                                
PROD_DESC                                                                                           
----------------------------------------------------------------------------------------------------
                                                                                                    
RYL01      King doll                                                                                
                                                                                                    
                                                                                                    
                                                                                                    
                                                                                                    
                                                                                                    
                                                                                                    
                                                                                                    

PROD_ID    PROD_NAME                                                                                
---------- -------------------------                                                                
PROD_DESC                                                                                           
----------------------------------------------------------------------------------------------------
                                                                                                    
                                                                                                    
                                                                                                    
12 inch king doll with royal garments and crown                                                     
                                                                                                    
RYL02      Queen doll                                                                               
                                                                                                    
                                                                                                    
                                                                                                    

PROD_ID    PROD_NAME                                                                                
---------- -------------------------                                                                
PROD_DESC                                                                                           
----------------------------------------------------------------------------------------------------
                                                                                                    
                                                                                                    
                                                                                                    
                                                                                                    
                                                                                                    
                                                                                                    
                                                                                                    
12 inch queen doll with royal garments and crown                                                    
                                                                                                    

9 rows selected.

SQL> select prod_id, prod_name
  2  from products;

PROD_ID    PROD_NAME                                                                                
---------- -------------------------                                                                
BR01       8 inch teddy bear                                                                        
                                                                                                    
                                                                                                    
                                                                                                    
                                                                                                    
                                                                                                    
                                                                                                    
                                                                                                    
                                                                                                    
                                                                                                    
                                                                                                    

PROD_ID    PROD_NAME                                                                                
---------- -------------------------                                                                
                                                                                                    
BR02       12 inch teddy bear                                                                       
                                                                                                    
                                                                                                    
                                                                                                    
                                                                                                    
                                                                                                    
                                                                                                    
                                                                                                    
                                                                                                    
                                                                                                    

PROD_ID    PROD_NAME                                                                                
---------- -------------------------                                                                
                                                                                                    
                                                                                                    
BR03       18 inch teddy bear                                                                       
                                                                                                    
                                                                                                    
                                                                                                    
                                                                                                    
                                                                                                    
                                                                                                    
                                                                                                    
                                                                                                    

PROD_ID    PROD_NAME                                                                                
---------- -------------------------                                                                
                                                                                                    
                                                                                                    
                                                                                                    
BNBG01     Fish bean bag toy                                                                        
                                                                                                    
                                                                                                    
                                                                                                    
                                                                                                    
                                                                                                    
                                                                                                    
                                                                                                    

PROD_ID    PROD_NAME                                                                                
---------- -------------------------                                                                
                                                                                                    
                                                                                                    
                                                                                                    
                                                                                                    
BNBG02     Bird bean bag toy                                                                        
                                                                                                    
                                                                                                    
                                                                                                    
                                                                                                    
                                                                                                    
                                                                                                    

PROD_ID    PROD_NAME                                                                                
---------- -------------------------                                                                
                                                                                                    
                                                                                                    
                                                                                                    
                                                                                                    
                                                                                                    
BNBG03     Rabbit bean bag toy                                                                      
                                                                                                    
                                                                                                    
                                                                                                    
                                                                                                    
                                                                                                    

PROD_ID    PROD_NAME                                                                                
---------- -------------------------                                                                
                                                                                                    
                                                                                                    
                                                                                                    
                                                                                                    
                                                                                                    
                                                                                                    
RGAN01     Raggedy Ann                                                                              
                                                                                                    
                                                                                                    
                                                                                                    
                                                                                                    

PROD_ID    PROD_NAME                                                                                
---------- -------------------------                                                                
                                                                                                    
                                                                                                    
                                                                                                    
                                                                                                    
                                                                                                    
                                                                                                    
                                                                                                    
RYL01      King doll                                                                                
                                                                                                    
                                                                                                    
                                                                                                    

PROD_ID    PROD_NAME                                                                                
---------- -------------------------                                                                
                                                                                                    
                                                                                                    
                                                                                                    
                                                                                                    
                                                                                                    
                                                                                                    
                                                                                                    
                                                                                                    
RYL02      Queen doll                                                                               
                                                                                                    
                                                                                                    

PROD_ID    PROD_NAME                                                                                
---------- -------------------------                                                                
                                                                                                    
                                                                                                    
                                                                                                    
                                                                                                    
                                                                                                    
                                                                                                    
                                                                                                    
                                                                                                    
                                                                                                    

9 rows selected.

SQL> select * from tab;

TNAME                          TABTYPE  CLUSTERID                                                   
------------------------------ ------- ----------                                                   
CUSTOMERS                      TABLE                                                                
ORDERITEMS                     TABLE                                                                
ORDERS                         TABLE                                                                
PRODUCTS                       TABLE                                                                
VENDORS                        TABLE                                                                

SQL> select prod_id, prod_name
  2  select * from tab;
select * from tab
*
ERROR at line 2:
ORA-00923: FROM keyword not found where expected 


SQL> select prod_id, prod_name
  2  from products;

PROD_ID    PROD_NAME                                                                                
---------- -------------------------                                                                
BR01       8 inch teddy bear                                                                        
                                                                                                    
                                                                                                    
                                                                                                    
                                                                                                    
                                                                                                    
                                                                                                    
                                                                                                    
                                                                                                    
                                                                                                    
                                                                                                    

PROD_ID    PROD_NAME                                                                                
---------- -------------------------                                                                
                                                                                                    
BR02       12 inch teddy bear                                                                       
                                                                                                    
                                                                                                    
                                                                                                    
                                                                                                    
                                                                                                    
                                                                                                    
                                                                                                    
                                                                                                    
                                                                                                    

PROD_ID    PROD_NAME                                                                                
---------- -------------------------                                                                
                                                                                                    
                                                                                                    
BR03       18 inch teddy bear                                                                       
                                                                                                    
                                                                                                    
                                                                                                    
                                                                                                    
                                                                                                    
                                                                                                    
                                                                                                    
                                                                                                    

PROD_ID    PROD_NAME                                                                                
---------- -------------------------                                                                
                                                                                                    
                                                                                                    
                                                                                                    
BNBG01     Fish bean bag toy                                                                        
                                                                                                    
                                                                                                    
                                                                                                    
                                                                                                    
                                                                                                    
                                                                                                    
                                                                                                    

PROD_ID    PROD_NAME                                                                                
---------- -------------------------                                                                
                                                                                                    
                                                                                                    
                                                                                                    
                                                                                                    
BNBG02     Bird bean bag toy                                                                        
                                                                                                    
                                                                                                    
                                                                                                    
                                                                                                    
                                                                                                    
                                                                                                    

PROD_ID    PROD_NAME                                                                                
---------- -------------------------                                                                
                                                                                                    
                                                                                                    
                                                                                                    
                                                                                                    
                                                                                                    
BNBG03     Rabbit bean bag toy                                                                      
                                                                                                    
                                                                                                    
                                                                                                    
                                                                                                    
                                                                                                    

PROD_ID    PROD_NAME                                                                                
---------- -------------------------                                                                
                                                                                                    
                                                                                                    
                                                                                                    
                                                                                                    
                                                                                                    
                                                                                                    
RGAN01     Raggedy Ann                                                                              
                                                                                                    
                                                                                                    
                                                                                                    
                                                                                                    

PROD_ID    PROD_NAME                                                                                
---------- -------------------------                                                                
                                                                                                    
                                                                                                    
                                                                                                    
                                                                                                    
                                                                                                    
                                                                                                    
                                                                                                    
RYL01      King doll                                                                                
                                                                                                    
                                                                                                    
                                                                                                    

PROD_ID    PROD_NAME                                                                                
---------- -------------------------                                                                
                                                                                                    
                                                                                                    
                                                                                                    
                                                                                                    
                                                                                                    
                                                                                                    
                                                                                                    
                                                                                                    
RYL02      Queen doll                                                                               
                                                                                                    
                                                                                                    

PROD_ID    PROD_NAME                                                                                
---------- -------------------------                                                                
                                                                                                    
                                                                                                    
                                                                                                    
                                                                                                    
                                                                                                    
                                                                                                    
                                                                                                    
                                                                                                    
                                                                                                    

9 rows selected.

SQL> quit
SQL> select prod_id, prod_name
  2  from products;

PROD_ID    PROD_NAME                                                                                
---------- -------------------------                                                                
BR01       8 inch teddy bear                                                                        
                                                                                                    
                                                                                                    
                                                                                                    
                                                                                                    
                                                                                                    
                                                                                                    
                                                                                                    
                                                                                                    
                                                                                                    
                                                                                                    

PROD_ID    PROD_NAME                                                                                
---------- -------------------------                                                                
                                                                                                    
BR02       12 inch teddy bear                                                                       
                                                                                                    
                                                                                                    
                                                                                                    
                                                                                                    
                                                                                                    
                                                                                                    
                                                                                                    
                                                                                                    
                                                                                                    

PROD_ID    PROD_NAME                                                                                
---------- -------------------------                                                                
                                                                                                    
                                                                                                    
BR03       18 inch teddy bear                                                                       
                                                                                                    
                                                                                                    
                                                                                                    
                                                                                                    
                                                                                                    
                                                                                                    
                                                                                                    
                                                                                                    

PROD_ID    PROD_NAME                                                                                
---------- -------------------------                                                                
                                                                                                    
                                                                                                    
                                                                                                    
BNBG01     Fish bean bag toy                                                                        
                                                                                                    
                                                                                                    
                                                                                                    
                                                                                                    
                                                                                                    
                                                                                                    
                                                                                                    

PROD_ID    PROD_NAME                                                                                
---------- -------------------------                                                                
                                                                                                    
                                                                                                    
                                                                                                    
                                                                                                    
BNBG02     Bird bean bag toy                                                                        
                                                                                                    
                                                                                                    
                                                                                                    
                                                                                                    
                                                                                                    
                                                                                                    

PROD_ID    PROD_NAME                                                                                
---------- -------------------------                                                                
                                                                                                    
                                                                                                    
                                                                                                    
                                                                                                    
                                                                                                    
BNBG03     Rabbit bean bag toy                                                                      
                                                                                                    
                                                                                                    
                                                                                                    
                                                                                                    
                                                                                                    

PROD_ID    PROD_NAME                                                                                
---------- -------------------------                                                                
                                                                                                    
                                                                                                    
                                                                                                    
                                                                                                    
                                                                                                    
                                                                                                    
RGAN01     Raggedy Ann                                                                              
                                                                                                    
                                                                                                    
                                                                                                    
                                                                                                    

PROD_ID    PROD_NAME                                                                                
---------- -------------------------                                                                
                                                                                                    
                                                                                                    
                                                                                                    
                                                                                                    
                                                                                                    
                                                                                                    
                                                                                                    
RYL01      King doll                                                                                
                                                                                                    
                                                                                                    
                                                                                                    

PROD_ID    PROD_NAME                                                                                
---------- -------------------------                                                                
                                                                                                    
                                                                                                    
                                                                                                    
                                                                                                    
                                                                                                    
                                                                                                    
                                                                                                    
                                                                                                    
RYL02      Queen doll                                                                               
                                                                                                    
                                                                                                    

PROD_ID    PROD_NAME                                                                                
---------- -------------------------                                                                
                                                                                                    
                                                                                                    
                                                                                                    
                                                                                                    
                                                                                                    
                                                                                                    
                                                                                                    
                                                                                                    
                                                                                                    

9 rows selected.

SQL> select prod_id
  2  from products;

PROD_ID                                                                                             
----------                                                                                          
BNBG01                                                                                              
BNBG02                                                                                              
BNBG03                                                                                              
BR01                                                                                                
BR02                                                                                                
BR03                                                                                                
RGAN01                                                                                              
RYL01                                                                                               
RYL02                                                                                               

9 rows selected.

SQL> select prod_id, prod_price
  2  from products;

PROD_ID    PROD_PRICE                                                                               
---------- ----------                                                                               
BR01             5.99                                                                               
BR02             8.99                                                                               
BR03            11.99                                                                               
BNBG01           3.49                                                                               
BNBG02           3.49                                                                               
BNBG03           3.49                                                                               
RGAN01           4.99                                                                               
RYL01            9.49                                                                               
RYL02            9.49                                                                               

9 rows selected.

SQL> select prod_id, prod_name
  2  from products;

PROD_ID    PROD_NAME                                                                                
---------- -------------------------                                                                
BR01       8 inch teddy bear                                                                        
                                                                                                    
                                                                                                    
                                                                                                    
                                                                                                    
                                                                                                    
                                                                                                    
                                                                                                    
                                                                                                    
                                                                                                    
                                                                                                    

PROD_ID    PROD_NAME                                                                                
---------- -------------------------                                                                
                                                                                                    
BR02       12 inch teddy bear                                                                       
                                                                                                    
                                                                                                    
                                                                                                    
                                                                                                    
                                                                                                    
                                                                                                    
                                                                                                    
                                                                                                    
                                                                                                    

PROD_ID    PROD_NAME                                                                                
---------- -------------------------                                                                
                                                                                                    
                                                                                                    
BR03       18 inch teddy bear                                                                       
                                                                                                    
                                                                                                    
                                                                                                    
                                                                                                    
                                                                                                    
                                                                                                    
                                                                                                    
                                                                                                    

PROD_ID    PROD_NAME                                                                                
---------- -------------------------                                                                
                                                                                                    
                                                                                                    
                                                                                                    
BNBG01     Fish bean bag toy                                                                        
                                                                                                    
                                                                                                    
                                                                                                    
                                                                                                    
                                                                                                    
                                                                                                    
                                                                                                    

PROD_ID    PROD_NAME                                                                                
---------- -------------------------                                                                
                                                                                                    
                                                                                                    
                                                                                                    
                                                                                                    
BNBG02     Bird bean bag toy                                                                        
                                                                                                    
                                                                                                    
                                                                                                    
                                                                                                    
                                                                                                    
                                                                                                    

PROD_ID    PROD_NAME                                                                                
---------- -------------------------                                                                
                                                                                                    
                                                                                                    
                                                                                                    
                                                                                                    
                                                                                                    
BNBG03     Rabbit bean bag toy                                                                      
                                                                                                    
                                                                                                    
                                                                                                    
                                                                                                    
                                                                                                    

PROD_ID    PROD_NAME                                                                                
---------- -------------------------                                                                
                                                                                                    
                                                                                                    
                                                                                                    
                                                                                                    
                                                                                                    
                                                                                                    
RGAN01     Raggedy Ann                                                                              
                                                                                                    
                                                                                                    
                                                                                                    
                                                                                                    

PROD_ID    PROD_NAME                                                                                
---------- -------------------------                                                                
                                                                                                    
                                                                                                    
                                                                                                    
                                                                                                    
                                                                                                    
                                                                                                    
                                                                                                    
RYL01      King doll                                                                                
                                                                                                    
                                                                                                    
                                                                                                    

PROD_ID    PROD_NAME                                                                                
---------- -------------------------                                                                
                                                                                                    
                                                                                                    
                                                                                                    
                                                                                                    
                                                                                                    
                                                                                                    
                                                                                                    
                                                                                                    
RYL02      Queen doll                                                                               
                                                                                                    
                                                                                                    

PROD_ID    PROD_NAME                                                                                
---------- -------------------------                                                                
                                                                                                    
                                                                                                    
                                                                                                    
                                                                                                    
                                                                                                    
                                                                                                    
                                                                                                    
                                                                                                    
                                                                                                    

9 rows selected.

SQL> col prod_name format a200;
SQL> select prod_id, prod_name
  2  from products;

PROD_ID                                                                                             
----------                                                                                          
PROD_NAME                                                                                           
----------------------------------------------------------------------------------------------------
BR01                                                                                                
8 inch teddy bear                                                                                   
                                                                                                    
                                                                                                    
                                                                                                    
BR02                                                                                                
12 inch teddy bear                                                                                  
                                                                                                    
                                                                                                    

PROD_ID                                                                                             
----------                                                                                          
PROD_NAME                                                                                           
----------------------------------------------------------------------------------------------------
                                                                                                    
BR03                                                                                                
18 inch teddy bear                                                                                  
                                                                                                    
                                                                                                    
                                                                                                    
BNBG01                                                                                              
Fish bean bag toy                                                                                   
                                                                                                    

PROD_ID                                                                                             
----------                                                                                          
PROD_NAME                                                                                           
----------------------------------------------------------------------------------------------------
                                                                                                    
                                                                                                    
BNBG02                                                                                              
Bird bean bag toy                                                                                   
                                                                                                    
                                                                                                    
                                                                                                    
BNBG03                                                                                              
Rabbit bean bag toy                                                                                 

PROD_ID                                                                                             
----------                                                                                          
PROD_NAME                                                                                           
----------------------------------------------------------------------------------------------------
                                                                                                    
                                                                                                    
                                                                                                    
RGAN01                                                                                              
Raggedy Ann                                                                                         
                                                                                                    
                                                                                                    
                                                                                                    
RYL01                                                                                               

PROD_ID                                                                                             
----------                                                                                          
PROD_NAME                                                                                           
----------------------------------------------------------------------------------------------------
King doll                                                                                           
                                                                                                    
                                                                                                    
                                                                                                    
RYL02                                                                                               
Queen doll                                                                                          
                                                                                                    
                                                                                                    
                                                                                                    

9 rows selected.

SQL> select vend_id from products;

VEND_ID                                                                                             
----------                                                                                          
BRS01                                                                                               
BRS01                                                                                               
BRS01                                                                                               
DLL01                                                                                               
DLL01                                                                                               
DLL01                                                                                               
DLL01                                                                                               
FNG01                                                                                               
FNG01                                                                                               

9 rows selected.

SQL> select distinct vend_id from products;

VEND_ID                                                                                             
----------                                                                                          
DLL01                                                                                               
BRS01                                                                                               
FNG01                                                                                               

SQL> select top 5 prod_name
  2  from products;
select top 5 prod_name
           *
ERROR at line 1:
ORA-00923: FROM keyword not found where expected 


SQL> desc products;
 Name                                                  Null?    Type
 ----------------------------------------------------- -------- ------------------------------------
 PROD_ID                                               NOT NULL CHAR(10)
 VEND_ID                                               NOT NULL CHAR(10)
 PROD_NAME                                             NOT NULL CHAR(255)
 PROD_PRICE                                            NOT NULL NUMBER(8,2)
 PROD_DESC                                                      VARCHAR2(1000)

SQL> select TOP 5 prod_name
  2  from products;
select TOP 5 prod_name
           *
ERROR at line 1:
ORA-00923: FROM keyword not found where expected 


SQL> select TOP 5 prod_name
  2  from products;
select TOP 5 prod_name
           *
ERROR at line 1:
ORA-00923: FROM keyword not found where expected 


SQL> select prod_name
  2  from products;

PROD_NAME                                                                                           
----------------------------------------------------------------------------------------------------
8 inch teddy bear                                                                                   
                                                                                                    
                                                                                                    
                                                                                                    
12 inch teddy bear                                                                                  
                                                                                                    
                                                                                                    
                                                                                                    
18 inch teddy bear                                                                                  
                                                                                                    
                                                                                                    

PROD_NAME                                                                                           
----------------------------------------------------------------------------------------------------
                                                                                                    
Fish bean bag toy                                                                                   
                                                                                                    
                                                                                                    
                                                                                                    
Bird bean bag toy                                                                                   
                                                                                                    
                                                                                                    
                                                                                                    
Rabbit bean bag toy                                                                                 
                                                                                                    

PROD_NAME                                                                                           
----------------------------------------------------------------------------------------------------
                                                                                                    
                                                                                                    
Raggedy Ann                                                                                         
                                                                                                    
                                                                                                    
                                                                                                    
King doll                                                                                           
                                                                                                    
                                                                                                    
                                                                                                    
Queen doll                                                                                          

PROD_NAME                                                                                           
----------------------------------------------------------------------------------------------------
                                                                                                    
                                                                                                    
                                                                                                    

9 rows selected.

SQL> select top 5 prod_name
  2  from products;
select top 5 prod_name
           *
ERROR at line 1:
ORA-00923: FROM keyword not found where expected 


SQL> help select top
SP2-0172: No HELP matching this topic was found.
SQL> help top

 Help is available on the following topics:

/
@
@@
ACCEPT
APPEND
ARCHIVE LOG
ATTRIBUTE
BREAK
BTITLE
CHANGE
CLEAR
COLUMN
COMPUTE
CONNECT
COPY
DEFINE
DEL
DESCRIBE
DISCONNECT
EDIT
EXECUTE
EXIT
GET
HELP
HOST
INDEX
INPUT
LIST
MENU
PASSWORD
PAUSE
PRINT
PROMPT
QUIT
RECOVER
REMARK
REPFOOTER
REPHEADER
RESERVED WORDS (PL/SQL)
RESERVED WORDS (SQL)
RUN
SAVE
SET
SHOW
SHUTDOWN
SPOOL
SQLPLUS
START
STARTUP
STORE
TIMING
TOPICS
TTITLE
UNDEFINE
VARIABLE
WHENEVER OSERROR
WHENEVER SQLERROR
XQUERY

SQL> select top 5 * from products;
select top 5 * from products
           *
ERROR at line 1:
ORA-00923: FROM keyword not found where expected 


SQL> select TOP 5 * from products;
select TOP 5 * from products
           *
ERROR at line 1:
ORA-00923: FROM keyword not found where expected 


SQL> select prod_name, prod_price
  2  from products
  3  where prod_price = 3.49;

PROD_NAME                                                                                           
----------------------------------------------------------------------------------------------------
PROD_PRICE                                                                                          
----------                                                                                          
Fish bean bag toy                                                                                   
                                                                                                    
                                                                                                    
      3.49                                                                                          
                                                                                                    
Bird bean bag toy                                                                                   
                                                                                                    
                                                                                                    
      3.49                                                                                          

PROD_NAME                                                                                           
----------------------------------------------------------------------------------------------------
PROD_PRICE                                                                                          
----------                                                                                          
                                                                                                    
Rabbit bean bag toy                                                                                 
                                                                                                    
                                                                                                    
      3.49                                                                                          
                                                                                                    

SQL> col prod_name format a 20;
SP2-0246: Illegal FORMAT string "a"
SQL> col prod_name format a20;
SQL> select prod_name, prod_price
  2  from products
  3  where prod_price = 3.49;

PROD_NAME            PROD_PRICE                                                                     
-------------------- ----------                                                                     
Fish bean bag toy          3.49                                                                     
                                                                                                    
                                                                                                    
                                                                                                    
                                                                                                    
                                                                                                    
                                                                                                    
                                                                                                    
                                                                                                    
                                                                                                    
                                                                                                    

PROD_NAME            PROD_PRICE                                                                     
-------------------- ----------                                                                     
                                                                                                    
                                                                                                    
                                                                                                    
Bird bean bag toy          3.49                                                                     
                                                                                                    
                                                                                                    
                                                                                                    
                                                                                                    
                                                                                                    
                                                                                                    
                                                                                                    

PROD_NAME            PROD_PRICE                                                                     
-------------------- ----------                                                                     
                                                                                                    
                                                                                                    
                                                                                                    
                                                                                                    
                                                                                                    
                                                                                                    
Rabbit bean bag toy        3.49                                                                     
                                                                                                    
                                                                                                    
                                                                                                    
                                                                                                    

PROD_NAME            PROD_PRICE                                                                     
-------------------- ----------                                                                     
                                                                                                    
                                                                                                    
                                                                                                    
                                                                                                    
                                                                                                    
                                                                                                    
                                                                                                    
                                                                                                    
                                                                                                    

SQL> SET TRI on;
SP2-0158: unknown SET option "TRI"
SQL> set trim on;
SQL> select prod_name, prod_price
  2  from products
  3  where prod_price = 3.49;

PROD_NAME            PROD_PRICE                                                                     
-------------------- ----------                                                                     
Fish bean bag toy          3.49                                                                     
                                                                                                    
                                                                                                    
                                                                                                    
                                                                                                    
                                                                                                    
                                                                                                    
                                                                                                    
                                                                                                    
                                                                                                    
                                                                                                    

PROD_NAME            PROD_PRICE                                                                     
-------------------- ----------                                                                     
                                                                                                    
                                                                                                    
                                                                                                    
Bird bean bag toy          3.49                                                                     
                                                                                                    
                                                                                                    
                                                                                                    
                                                                                                    
                                                                                                    
                                                                                                    
                                                                                                    

PROD_NAME            PROD_PRICE                                                                     
-------------------- ----------                                                                     
                                                                                                    
                                                                                                    
                                                                                                    
                                                                                                    
                                                                                                    
                                                                                                    
Rabbit bean bag toy        3.49                                                                     
                                                                                                    
                                                                                                    
                                                                                                    
                                                                                                    

PROD_NAME            PROD_PRICE                                                                     
-------------------- ----------                                                                     
                                                                                                    
                                                                                                    
                                                                                                    
                                                                                                    
                                                                                                    
                                                                                                    
                                                                                                    
                                                                                                    
                                                                                                    

SQL> desc products;
 Name                                                  Null?    Type
 ----------------------------------------------------- -------- ------------------------------------
 PROD_ID                                               NOT NULL CHAR(10)
 VEND_ID                                               NOT NULL CHAR(10)
 PROD_NAME                                             NOT NULL CHAR(255)
 PROD_PRICE                                            NOT NULL NUMBER(8,2)
 PROD_DESC                                                      VARCHAR2(1000)

SQL> help set;

 SET
 ---

 Sets a system variable to alter the SQL*Plus environment settings
 for your current session. For example, to:
     -   set the display width for data
     -   customize HTML formatting
     -   enable or disable printing of column headings
     -   set the number of lines per page

 SET system_variable value

 where system_variable and value represent one of the following clauses:

   APPI[NFO]{OFF|ON|text}                   NEWP[AGE] {1|n|NONE}
   ARRAY[SIZE] {15|n}                       NULL text
   AUTO[COMMIT] {OFF|ON|IMM[EDIATE]|n}      NUMF[ORMAT] format
   AUTOP[RINT] {OFF|ON}                     NUM[WIDTH] {10|n}
   AUTORECOVERY {OFF|ON}                    PAGES[IZE] {14|n}
   AUTOT[RACE] {OFF|ON|TRACE[ONLY]}         PAU[SE] {OFF|ON|text}
     [EXP[LAIN]] [STAT[ISTICS]]             RECSEP {WR[APPED]|EA[CH]|OFF}
   BLO[CKTERMINATOR] {.|c|ON|OFF}           RECSEPCHAR {_|c}
   CMDS[EP] {;|c|OFF|ON}                    SERVEROUT[PUT] {ON|OFF}
   COLSEP {_|text}                            [SIZE {n | UNLIMITED}]
   CON[CAT] {.|c|ON|OFF}                      [FOR[MAT]  {WRA[PPED] |
   COPYC[OMMIT] {0|n}                          WOR[D_WRAPPED] |
   COPYTYPECHECK {ON|OFF}                      TRU[NCATED]}]
   DEF[INE] {&|c|ON|OFF}                    SHIFT[INOUT] {VIS[IBLE] |
   DESCRIBE [DEPTH {1|n|ALL}]                 INV[ISIBLE]}
     [LINENUM {OFF|ON}] [INDENT {OFF|ON}]   SHOW[MODE] {OFF|ON}
   ECHO {OFF|ON}                            SQLBL[ANKLINES] {OFF|ON}
   EDITF[ILE] file_name[.ext]               SQLC[ASE] {MIX[ED] |
   EMB[EDDED] {OFF|ON}                        LO[WER] | UP[PER]}
   ERRORL[OGGING] {ON|OFF}                  SQLCO[NTINUE] {> | text}
     [TABLE [schema.]tablename]             SQLN[UMBER] {ON|OFF}
     [TRUNCATE] [IDENTIFIER identifier]     SQLPLUSCOMPAT[IBILITY] {x.y[.z]}
   ESC[APE] {\|c|OFF|ON}                    SQLPRE[FIX] {#|c}
   ESCCHAR {@|?|%|$|OFF}                    SQLP[ROMPT] {SQL>|text}
   EXITC[OMMIT] {ON|OFF}                    SQLT[ERMINATOR] {;|c|ON|OFF}
   FEED[BACK] {6|n|ON|OFF}                  SUF[FIX] {SQL|text}
   FLAGGER {OFF|ENTRY|INTERMED[IATE]|FULL}  TAB {ON|OFF}
   FLU[SH] {ON|OFF}                         TERM[OUT] {ON|OFF}
   HEA[DING] {ON|OFF}                       TI[ME] {OFF|ON}
   HEADS[EP] {||c|ON|OFF}                   TIMI[NG] {OFF|ON}
   INSTANCE [instance_path|LOCAL]           TRIM[OUT] {ON|OFF}
   LIN[ESIZE] {80|n}                        TRIMS[POOL] {OFF|ON}
   LOBOF[FSET] {1|n}                        UND[ERLINE] {-|c|ON|OFF}
   LOGSOURCE [pathname]                     VER[IFY] {ON|OFF}
   LONG {80|n}                              WRA[P] {ON|OFF}
   LONGC[HUNKSIZE] {80|n}                   XQUERY {BASEURI text|
   MARK[UP] HTML [OFF|ON]                     ORDERING{UNORDERED|
     [HEAD text] [BODY text] [TABLE text]              ORDERED|DEFAULT}|
     [ENTMAP {ON|OFF}]                        NODE{BYVALUE|BYREFERENCE|
     [SPOOL {OFF|ON}]                              DEFAULT}|
     [PRE[FORMAT] {OFF|ON}]                   CONTEXT text}


SQL> set trim off;
SQL> select prod_name, prod_price
  2  from products
  3  where prod_price = 3.49;

PROD_NAME            PROD_PRICE                                                                     
-------------------- ----------                                                                     
Fish bean bag toy          3.49                                                                     
                                                                                                    
                                                                                                    
                                                                                                    
                                                                                                    
                                                                                                    
                                                                                                    
                                                                                                    
                                                                                                    
                                                                                                    
                                                                                                    

PROD_NAME            PROD_PRICE                                                                     
-------------------- ----------                                                                     
                                                                                                    
                                                                                                    
                                                                                                    
Bird bean bag toy          3.49                                                                     
                                                                                                    
                                                                                                    
                                                                                                    
                                                                                                    
                                                                                                    
                                                                                                    
                                                                                                    

PROD_NAME            PROD_PRICE                                                                     
-------------------- ----------                                                                     
                                                                                                    
                                                                                                    
                                                                                                    
                                                                                                    
                                                                                                    
                                                                                                    
Rabbit bean bag toy        3.49                                                                     
                                                                                                    
                                                                                                    
                                                                                                    
                                                                                                    

PROD_NAME            PROD_PRICE                                                                     
-------------------- ----------                                                                     
                                                                                                    
                                                                                                    
                                                                                                    
                                                                                                    
                                                                                                    
                                                                                                    
                                                                                                    
                                                                                                    
                                                                                                    

SQL> set trims on;
SQL> select prod_name, prod_price
  2  from products
  3  where prod_price = 3.49;

PROD_NAME            PROD_PRICE
-------------------- ----------
Fish bean bag toy          3.49











PROD_NAME            PROD_PRICE
-------------------- ----------



Bird bean bag toy          3.49








PROD_NAME            PROD_PRICE
-------------------- ----------






Rabbit bean bag toy        3.49





PROD_NAME            PROD_PRICE
-------------------- ----------










SQL> quit
SQL> set trims off;
SQL> select * from products;

PROD_ID    VEND_ID    PROD_NAME                 PROD_PRICE                                          
---------- ---------- ------------------------- ----------                                          
PROD_DESC                                                                                           
----------------------------------------------------------------------------------------------------
BR01       BRS01      8 inch teddy bear               5.99                                          
                                                                                                    
                                                                                                    
                                                                                                    
                                                                                                    
                                                                                                    
                                                                                                    
                                                                                                    
                                                                                                    

PROD_ID    VEND_ID    PROD_NAME                 PROD_PRICE                                          
---------- ---------- ------------------------- ----------                                          
PROD_DESC                                                                                           
----------------------------------------------------------------------------------------------------
                                                                                                    
                                                                                                    
8 inch teddy bear, comes with cap and jacket                                                        
                                                                                                    
BR02       BRS01      12 inch teddy bear              8.99                                          
                                                                                                    
                                                                                                    
                                                                                                    
                                                                                                    

PROD_ID    VEND_ID    PROD_NAME                 PROD_PRICE                                          
---------- ---------- ------------------------- ----------                                          
PROD_DESC                                                                                           
----------------------------------------------------------------------------------------------------
                                                                                                    
                                                                                                    
                                                                                                    
                                                                                                    
                                                                                                    
                                                                                                    
12 inch teddy bear, comes with cap and jacket                                                       
                                                                                                    
BR03       BRS01      18 inch teddy bear             11.99                                          

PROD_ID    VEND_ID    PROD_NAME                 PROD_PRICE                                          
---------- ---------- ------------------------- ----------                                          
PROD_DESC                                                                                           
----------------------------------------------------------------------------------------------------
                                                                                                    
                                                                                                    
                                                                                                    
                                                                                                    
                                                                                                    
                                                                                                    
                                                                                                    
                                                                                                    
                                                                                                    

PROD_ID    VEND_ID    PROD_NAME                 PROD_PRICE                                          
---------- ---------- ------------------------- ----------                                          
PROD_DESC                                                                                           
----------------------------------------------------------------------------------------------------
                                                                                                    
18 inch teddy bear, comes with cap and jacket                                                       
                                                                                                    
BNBG01     DLL01      Fish bean bag toy               3.49                                          
                                                                                                    
                                                                                                    
                                                                                                    
                                                                                                    
                                                                                                    

PROD_ID    VEND_ID    PROD_NAME                 PROD_PRICE                                          
---------- ---------- ------------------------- ----------                                          
PROD_DESC                                                                                           
----------------------------------------------------------------------------------------------------
                                                                                                    
                                                                                                    
                                                                                                    
                                                                                                    
                                                                                                    
Fish bean bag toy, complete with bean bag worms with which to feed it                               
                                                                                                    
BNBG02     DLL01      Bird bean bag toy               3.49                                          
                                                                                                    

PROD_ID    VEND_ID    PROD_NAME                 PROD_PRICE                                          
---------- ---------- ------------------------- ----------                                          
PROD_DESC                                                                                           
----------------------------------------------------------------------------------------------------
                                                                                                    
                                                                                                    
                                                                                                    
                                                                                                    
                                                                                                    
                                                                                                    
                                                                                                    
                                                                                                    
                                                                                                    

PROD_ID    VEND_ID    PROD_NAME                 PROD_PRICE                                          
---------- ---------- ------------------------- ----------                                          
PROD_DESC                                                                                           
----------------------------------------------------------------------------------------------------
Bird bean bag toy, eggs are not included                                                            
                                                                                                    
BNBG03     DLL01      Rabbit bean bag toy             3.49                                          
                                                                                                    
                                                                                                    
                                                                                                    
                                                                                                    
                                                                                                    
                                                                                                    

PROD_ID    VEND_ID    PROD_NAME                 PROD_PRICE                                          
---------- ---------- ------------------------- ----------                                          
PROD_DESC                                                                                           
----------------------------------------------------------------------------------------------------
                                                                                                    
                                                                                                    
                                                                                                    
                                                                                                    
Rabbit bean bag toy, comes with bean bag carrots                                                    
                                                                                                    
RGAN01     DLL01      Raggedy Ann                     4.99                                          
                                                                                                    
                                                                                                    

PROD_ID    VEND_ID    PROD_NAME                 PROD_PRICE                                          
---------- ---------- ------------------------- ----------                                          
PROD_DESC                                                                                           
----------------------------------------------------------------------------------------------------
                                                                                                    
                                                                                                    
                                                                                                    
                                                                                                    
                                                                                                    
                                                                                                    
                                                                                                    
                                                                                                    
18 inch Raggedy Ann doll                                                                            

PROD_ID    VEND_ID    PROD_NAME                 PROD_PRICE                                          
---------- ---------- ------------------------- ----------                                          
PROD_DESC                                                                                           
----------------------------------------------------------------------------------------------------
                                                                                                    
RYL01      FNG01      King doll                       9.49                                          
                                                                                                    
                                                                                                    
                                                                                                    
                                                                                                    
                                                                                                    
                                                                                                    
                                                                                                    

PROD_ID    VEND_ID    PROD_NAME                 PROD_PRICE                                          
---------- ---------- ------------------------- ----------                                          
PROD_DESC                                                                                           
----------------------------------------------------------------------------------------------------
                                                                                                    
                                                                                                    
                                                                                                    
12 inch king doll with royal garments and crown                                                     
                                                                                                    
RYL02      FNG01      Queen doll                      9.49                                          
                                                                                                    
                                                                                                    
                                                                                                    

PROD_ID    VEND_ID    PROD_NAME                 PROD_PRICE                                          
---------- ---------- ------------------------- ----------                                          
PROD_DESC                                                                                           
----------------------------------------------------------------------------------------------------
                                                                                                    
                                                                                                    
                                                                                                    
                                                                                                    
                                                                                                    
                                                                                                    
                                                                                                    
12 inch queen doll with royal garments and crown                                                    
                                                                                                    

9 rows selected.

SQL> select prod_name from products;

PROD_NAME                                                                                           
-------------------------                                                                           
8 inch teddy bear                                                                                   
                                                                                                    
                                                                                                    
                                                                                                    
                                                                                                    
                                                                                                    
                                                                                                    
                                                                                                    
                                                                                                    
                                                                                                    
                                                                                                    

PROD_NAME                                                                                           
-------------------------                                                                           
                                                                                                    
12 inch teddy bear                                                                                  
                                                                                                    
                                                                                                    
                                                                                                    
                                                                                                    
                                                                                                    
                                                                                                    
                                                                                                    
                                                                                                    
                                                                                                    

PROD_NAME                                                                                           
-------------------------                                                                           
                                                                                                    
                                                                                                    
18 inch teddy bear                                                                                  
                                                                                                    
                                                                                                    
                                                                                                    
                                                                                                    
                                                                                                    
                                                                                                    
                                                                                                    
                                                                                                    

PROD_NAME                                                                                           
-------------------------                                                                           
                                                                                                    
                                                                                                    
                                                                                                    
Fish bean bag toy                                                                                   
                                                                                                    
                                                                                                    
                                                                                                    
                                                                                                    
                                                                                                    
                                                                                                    
                                                                                                    

PROD_NAME                                                                                           
-------------------------                                                                           
                                                                                                    
                                                                                                    
                                                                                                    
                                                                                                    
Bird bean bag toy                                                                                   
                                                                                                    
                                                                                                    
                                                                                                    
                                                                                                    
                                                                                                    
                                                                                                    

PROD_NAME                                                                                           
-------------------------                                                                           
                                                                                                    
                                                                                                    
                                                                                                    
                                                                                                    
                                                                                                    
Rabbit bean bag toy                                                                                 
                                                                                                    
                                                                                                    
                                                                                                    
                                                                                                    
                                                                                                    

PROD_NAME                                                                                           
-------------------------                                                                           
                                                                                                    
                                                                                                    
                                                                                                    
                                                                                                    
                                                                                                    
                                                                                                    
Raggedy Ann                                                                                         
                                                                                                    
                                                                                                    
                                                                                                    
                                                                                                    

PROD_NAME                                                                                           
-------------------------                                                                           
                                                                                                    
                                                                                                    
                                                                                                    
                                                                                                    
                                                                                                    
                                                                                                    
                                                                                                    
King doll                                                                                           
                                                                                                    
                                                                                                    
                                                                                                    

PROD_NAME                                                                                           
-------------------------                                                                           
                                                                                                    
                                                                                                    
                                                                                                    
                                                                                                    
                                                                                                    
                                                                                                    
                                                                                                    
                                                                                                    
Queen doll                                                                                          
                                                                                                    
                                                                                                    

PROD_NAME                                                                                           
-------------------------                                                                           
                                                                                                    
                                                                                                    
                                                                                                    
                                                                                                    
                                                                                                    
                                                                                                    
                                                                                                    
                                                                                                    
                                                                                                    

9 rows selected.

SQL> set trims on;
SQL> select prod_name from products;

PROD_NAME
-------------------------
8 inch teddy bear











PROD_NAME
-------------------------

12 inch teddy bear










PROD_NAME
-------------------------


18 inch teddy bear









PROD_NAME
-------------------------



Fish bean bag toy








PROD_NAME
-------------------------




Bird bean bag toy







PROD_NAME
-------------------------





Rabbit bean bag toy






PROD_NAME
-------------------------






Raggedy Ann





PROD_NAME
-------------------------







King doll




PROD_NAME
-------------------------








Queen doll



PROD_NAME
-------------------------










9 rows selected.

SQL> set trims off;
SQL> select prod_name from products;

PROD_NAME                                                                                           
-------------------------                                                                           
8 inch teddy bear                                                                                   
                                                                                                    
                                                                                                    
                                                                                                    
                                                                                                    
                                                                                                    
                                                                                                    
                                                                                                    
                                                                                                    
                                                                                                    
                                                                                                    

PROD_NAME                                                                                           
-------------------------                                                                           
                                                                                                    
12 inch teddy bear                                                                                  
                                                                                                    
                                                                                                    
                                                                                                    
                                                                                                    
                                                                                                    
                                                                                                    
                                                                                                    
                                                                                                    
                                                                                                    

PROD_NAME                                                                                           
-------------------------                                                                           
                                                                                                    
                                                                                                    
18 inch teddy bear                                                                                  
                                                                                                    
                                                                                                    
                                                                                                    
                                                                                                    
                                                                                                    
                                                                                                    
                                                                                                    
                                                                                                    

PROD_NAME                                                                                           
-------------------------                                                                           
                                                                                                    
                                                                                                    
                                                                                                    
Fish bean bag toy                                                                                   
                                                                                                    
                                                                                                    
                                                                                                    
                                                                                                    
                                                                                                    
                                                                                                    
                                                                                                    

PROD_NAME                                                                                           
-------------------------                                                                           
                                                                                                    
                                                                                                    
                                                                                                    
                                                                                                    
Bird bean bag toy                                                                                   
                                                                                                    
                                                                                                    
                                                                                                    
                                                                                                    
                                                                                                    
                                                                                                    

PROD_NAME                                                                                           
-------------------------                                                                           
                                                                                                    
                                                                                                    
                                                                                                    
                                                                                                    
                                                                                                    
Rabbit bean bag toy                                                                                 
                                                                                                    
                                                                                                    
                                                                                                    
                                                                                                    
                                                                                                    

PROD_NAME                                                                                           
-------------------------                                                                           
                                                                                                    
                                                                                                    
                                                                                                    
                                                                                                    
                                                                                                    
                                                                                                    
Raggedy Ann                                                                                         
                                                                                                    
                                                                                                    
                                                                                                    
                                                                                                    

PROD_NAME                                                                                           
-------------------------                                                                           
                                                                                                    
                                                                                                    
                                                                                                    
                                                                                                    
                                                                                                    
                                                                                                    
                                                                                                    
King doll                                                                                           
                                                                                                    
                                                                                                    
                                                                                                    

PROD_NAME                                                                                           
-------------------------                                                                           
                                                                                                    
                                                                                                    
                                                                                                    
                                                                                                    
                                                                                                    
                                                                                                    
                                                                                                    
                                                                                                    
Queen doll                                                                                          
                                                                                                    
                                                                                                    

PROD_NAME                                                                                           
-------------------------                                                                           
                                                                                                    
                                                                                                    
                                                                                                    
                                                                                                    
                                                                                                    
                                                                                                    
                                                                                                    
                                                                                                    
                                                                                                    

9 rows selected.

SQL> quit
SQL> show user;
USER is "BZBH"
SQL> clear scr;
SQL> select prod_name, prod_price
  2  from products
  3  where
  4  prod_price < 10;

PROD_NAME                 PROD_PRICE                                                                
------------------------- ----------                                                                
8 inch teddy bear               5.99                                                                
                                                                                                    
                                                                                                    
                                                                                                    
                                                                                                    
                                                                                                    
                                                                                                    
                                                                                                    
                                                                                                    
                                                                                                    
                                                                                                    

PROD_NAME                 PROD_PRICE                                                                
------------------------- ----------                                                                
                                                                                                    
12 inch teddy bear              8.99                                                                
                                                                                                    
                                                                                                    
                                                                                                    
                                                                                                    
                                                                                                    
                                                                                                    
                                                                                                    
                                                                                                    
                                                                                                    

PROD_NAME                 PROD_PRICE                                                                
------------------------- ----------                                                                
                                                                                                    
                                                                                                    
Fish bean bag toy               3.49                                                                
                                                                                                    
                                                                                                    
                                                                                                    
                                                                                                    
                                                                                                    
                                                                                                    
                                                                                                    
                                                                                                    

PROD_NAME                 PROD_PRICE                                                                
------------------------- ----------                                                                
                                                                                                    
                                                                                                    
                                                                                                    
Bird bean bag toy               3.49                                                                
                                                                                                    
                                                                                                    
                                                                                                    
                                                                                                    
                                                                                                    
                                                                                                    
                                                                                                    

PROD_NAME                 PROD_PRICE                                                                
------------------------- ----------                                                                
                                                                                                    
                                                                                                    
                                                                                                    
                                                                                                    
Rabbit bean bag toy             3.49                                                                
                                                                                                    
                                                                                                    
                                                                                                    
                                                                                                    
                                                                                                    
                                                                                                    

PROD_NAME                 PROD_PRICE                                                                
------------------------- ----------                                                                
                                                                                                    
                                                                                                    
                                                                                                    
                                                                                                    
                                                                                                    
Raggedy Ann                     4.99                                                                
                                                                                                    
                                                                                                    
                                                                                                    
                                                                                                    
                                                                                                    

PROD_NAME                 PROD_PRICE                                                                
------------------------- ----------                                                                
                                                                                                    
                                                                                                    
                                                                                                    
                                                                                                    
                                                                                                    
                                                                                                    
King doll                       9.49                                                                
                                                                                                    
                                                                                                    
                                                                                                    
                                                                                                    

PROD_NAME                 PROD_PRICE                                                                
------------------------- ----------                                                                
                                                                                                    
                                                                                                    
                                                                                                    
                                                                                                    
                                                                                                    
                                                                                                    
                                                                                                    
Queen doll                      9.49                                                                
                                                                                                    
                                                                                                    
                                                                                                    

PROD_NAME                 PROD_PRICE                                                                
------------------------- ----------                                                                
                                                                                                    
                                                                                                    
                                                                                                    
                                                                                                    
                                                                                                    
                                                                                                    
                                                                                                    
                                                                                                    

8 rows selected.

SQL> help set;

 SET
 ---

 Sets a system variable to alter the SQL*Plus environment settings
 for your current session. For example, to:
     -   set the display width for data
     -   customize HTML formatting
     -   enable or disable printing of column headings
     -   set the number of lines per page

 SET system_variable value

 where system_variable and value represent one of the following clauses:

   APPI[NFO]{OFF|ON|text}                   NEWP[AGE] {1|n|NONE}
   ARRAY[SIZE] {15|n}                       NULL text
   AUTO[COMMIT] {OFF|ON|IMM[EDIATE]|n}      NUMF[ORMAT] format
   AUTOP[RINT] {OFF|ON}                     NUM[WIDTH] {10|n}
   AUTORECOVERY {OFF|ON}                    PAGES[IZE] {14|n}
   AUTOT[RACE] {OFF|ON|TRACE[ONLY]}         PAU[SE] {OFF|ON|text}
     [EXP[LAIN]] [STAT[ISTICS]]             RECSEP {WR[APPED]|EA[CH]|OFF}
   BLO[CKTERMINATOR] {.|c|ON|OFF}           RECSEPCHAR {_|c}
   CMDS[EP] {;|c|OFF|ON}                    SERVEROUT[PUT] {ON|OFF}
   COLSEP {_|text}                            [SIZE {n | UNLIMITED}]
   CON[CAT] {.|c|ON|OFF}                      [FOR[MAT]  {WRA[PPED] |
   COPYC[OMMIT] {0|n}                          WOR[D_WRAPPED] |
   COPYTYPECHECK {ON|OFF}                      TRU[NCATED]}]
   DEF[INE] {&|c|ON|OFF}                    SHIFT[INOUT] {VIS[IBLE] |
   DESCRIBE [DEPTH {1|n|ALL}]                 INV[ISIBLE]}
     [LINENUM {OFF|ON}] [INDENT {OFF|ON}]   SHOW[MODE] {OFF|ON}
   ECHO {OFF|ON}                            SQLBL[ANKLINES] {OFF|ON}
   EDITF[ILE] file_name[.ext]               SQLC[ASE] {MIX[ED] |
   EMB[EDDED] {OFF|ON}                        LO[WER] | UP[PER]}
   ERRORL[OGGING] {ON|OFF}                  SQLCO[NTINUE] {> | text}
     [TABLE [schema.]tablename]             SQLN[UMBER] {ON|OFF}
     [TRUNCATE] [IDENTIFIER identifier]     SQLPLUSCOMPAT[IBILITY] {x.y[.z]}
   ESC[APE] {\|c|OFF|ON}                    SQLPRE[FIX] {#|c}
   ESCCHAR {@|?|%|$|OFF}                    SQLP[ROMPT] {SQL>|text}
   EXITC[OMMIT] {ON|OFF}                    SQLT[ERMINATOR] {;|c|ON|OFF}
   FEED[BACK] {6|n|ON|OFF}                  SUF[FIX] {SQL|text}
   FLAGGER {OFF|ENTRY|INTERMED[IATE]|FULL}  TAB {ON|OFF}
   FLU[SH] {ON|OFF}                         TERM[OUT] {ON|OFF}
   HEA[DING] {ON|OFF}                       TI[ME] {OFF|ON}
   HEADS[EP] {||c|ON|OFF}                   TIMI[NG] {OFF|ON}
   INSTANCE [instance_path|LOCAL]           TRIM[OUT] {ON|OFF}
   LIN[ESIZE] {80|n}                        TRIMS[POOL] {OFF|ON}
   LOBOF[FSET] {1|n}                        UND[ERLINE] {-|c|ON|OFF}
   LOGSOURCE [pathname]                     VER[IFY] {ON|OFF}
   LONG {80|n}                              WRA[P] {ON|OFF}
   LONGC[HUNKSIZE] {80|n}                   XQUERY {BASEURI text|
   MARK[UP] HTML [OFF|ON]                     ORDERING{UNORDERED|
     [HEAD text] [BODY text] [TABLE text]              ORDERED|DEFAULT}|
     [ENTMAP {ON|OFF}]                        NODE{BYVALUE|BYREFERENCE|
     [SPOOL {OFF|ON}]                              DEFAULT}|
     [PRE[FORMAT] {OFF|ON}]                   CONTEXT text}


SQL> set trim on
SQL> ;
  1  select prod_name, prod_price
  2  from products
  3  where
  4* prod_price < 10
SQL> 
SQL> 
SQL> 
SQL> ;
  1  select prod_name, prod_price
  2  from products
  3  where
  4* prod_price < 10
SQL> /

PROD_NAME                 PROD_PRICE                                                                
------------------------- ----------                                                                
8 inch teddy bear               5.99                                                                
                                                                                                    
                                                                                                    
                                                                                                    
                                                                                                    
                                                                                                    
                                                                                                    
                                                                                                    
                                                                                                    
                                                                                                    
                                                                                                    

PROD_NAME                 PROD_PRICE                                                                
------------------------- ----------                                                                
                                                                                                    
12 inch teddy bear              8.99                                                                
                                                                                                    
                                                                                                    
                                                                                                    
                                                                                                    
                                                                                                    
                                                                                                    
                                                                                                    
                                                                                                    
                                                                                                    

PROD_NAME                 PROD_PRICE                                                                
------------------------- ----------                                                                
                                                                                                    
                                                                                                    
Fish bean bag toy               3.49                                                                
                                                                                                    
                                                                                                    
                                                                                                    
                                                                                                    
                                                                                                    
                                                                                                    
                                                                                                    
                                                                                                    

PROD_NAME                 PROD_PRICE                                                                
------------------------- ----------                                                                
                                                                                                    
                                                                                                    
                                                                                                    
Bird bean bag toy               3.49                                                                
                                                                                                    
                                                                                                    
                                                                                                    
                                                                                                    
                                                                                                    
                                                                                                    
                                                                                                    

PROD_NAME                 PROD_PRICE                                                                
------------------------- ----------                                                                
                                                                                                    
                                                                                                    
                                                                                                    
                                                                                                    
Rabbit bean bag toy             3.49                                                                
                                                                                                    
                                                                                                    
                                                                                                    
                                                                                                    
                                                                                                    
                                                                                                    

PROD_NAME                 PROD_PRICE                                                                
------------------------- ----------                                                                
                                                                                                    
                                                                                                    
                                                                                                    
                                                                                                    
                                                                                                    
Raggedy Ann                     4.99                                                                
                                                                                                    
                                                                                                    
                                                                                                    
                                                                                                    
                                                                                                    

PROD_NAME                 PROD_PRICE                                                                
------------------------- ----------                                                                
                                                                                                    
                                                                                                    
                                                                                                    
                                                                                                    
                                                                                                    
                                                                                                    
King doll                       9.49                                                                
                                                                                                    
                                                                                                    
                                                                                                    
                                                                                                    

PROD_NAME                 PROD_PRICE                                                                
------------------------- ----------                                                                
                                                                                                    
                                                                                                    
                                                                                                    
                                                                                                    
                                                                                                    
                                                                                                    
                                                                                                    
Queen doll                      9.49                                                                
                                                                                                    
                                                                                                    
                                                                                                    

PROD_NAME                 PROD_PRICE                                                                
------------------------- ----------                                                                
                                                                                                    
                                                                                                    
                                                                                                    
                                                                                                    
                                                                                                    
                                                                                                    
                                                                                                    
                                                                                                    

8 rows selected.

SQL> select
  2  #desc products;
 Name                                                  Null?    Type
 ----------------------------------------------------- -------- ------------------------------------
 PROD_ID                                               NOT NULL CHAR(10)
 VEND_ID                                               NOT NULL CHAR(10)
 PROD_NAME                                             NOT NULL CHAR(255)
 PROD_PRICE                                            NOT NULL NUMBER(8,2)
 PROD_DESC                                                      VARCHAR2(1000)

  2  prod_id, prod_price
  3  from products
  4  where prod_price between 5 and 10;

PROD_ID    PROD_PRICE                                                                               
---------- ----------                                                                               
BR01             5.99                                                                               
BR02             8.99                                                                               
RYL01            9.49                                                                               
RYL02            9.49                                                                               

SQL> quit
SQL> select prod_id
  2  from products
  3  where prod_price is null;

no rows selected

SQL> select prod_id
  2  from products
  3  where cust_email is null;
where cust_email is null
      *
ERROR at line 3:
ORA-00904: "CUST_EMAIL": invalid identifier 


SQL> select cust_name
  2  from customers
  3  where cust_email is null;

CUST_NAME                                                                                           
--------------------------------------------------                                                  
Kids Place                                                                                          
The Toy Store                                                                                       

SQL> select prod_id, prod_name
  2  from products
  3  where prod_name like 'Fish%';

PROD_ID    PROD_NAME                                                                                
---------- -------------------------                                                                
BNBG01     Fish bean bag toy                                                                        
                                                                                                    
                                                                                                    
                                                                                                    
                                                                                                    
                                                                                                    
                                                                                                    
                                                                                                    
                                                                                                    
                                                                                                    
                                                                                                    

PROD_ID    PROD_NAME                                                                                
---------- -------------------------                                                                
                                                                                                    

SQL> select prod_id
  2  from products
  3  where prod_name like 'Fish%';

PROD_ID                                                                                             
----------                                                                                          
BNBG01                                                                                              

SQL> select cust_contact
  2  from customers
  3  where cust_contact like '[JM]
  4  %'
  5  oeery by cust_contact;
oeery by cust_contact
*
ERROR at line 5:
ORA-00933: SQL command not properly ended 


SQL> select cust_contact
  2  from customers
  3  where cust_contact like '[JM]%';

no rows selected

SQL> select * from customers;

CUST_ID    CUST_NAME                                                                                
---------- --------------------------------------------------                                       
CUST_ADDRESS                                                                                        
--------------------------------------------------                                                  
CUST_CITY                                          CUST_ CUST_ZIP                                   
-------------------------------------------------- ----- ----------                                 
CUST_COUNTRY                                                                                        
--------------------------------------------------                                                  
CUST_CONTACT                                                                                        
--------------------------------------------------                                                  
CUST_EMAIL                                                                                          
----------------------------------------------------------------------------------------------------
1000000001 Village Toys                                                                             

CUST_ID    CUST_NAME                                                                                
---------- --------------------------------------------------                                       
CUST_ADDRESS                                                                                        
--------------------------------------------------                                                  
CUST_CITY                                          CUST_ CUST_ZIP                                   
-------------------------------------------------- ----- ----------                                 
CUST_COUNTRY                                                                                        
--------------------------------------------------                                                  
CUST_CONTACT                                                                                        
--------------------------------------------------                                                  
CUST_EMAIL                                                                                          
----------------------------------------------------------------------------------------------------
200 Maple Lane                                                                                      

CUST_ID    CUST_NAME                                                                                
---------- --------------------------------------------------                                       
CUST_ADDRESS                                                                                        
--------------------------------------------------                                                  
CUST_CITY                                          CUST_ CUST_ZIP                                   
-------------------------------------------------- ----- ----------                                 
CUST_COUNTRY                                                                                        
--------------------------------------------------                                                  
CUST_CONTACT                                                                                        
--------------------------------------------------                                                  
CUST_EMAIL                                                                                          
----------------------------------------------------------------------------------------------------
Detroit                                            MI    44444                                      

CUST_ID    CUST_NAME                                                                                
---------- --------------------------------------------------                                       
CUST_ADDRESS                                                                                        
--------------------------------------------------                                                  
CUST_CITY                                          CUST_ CUST_ZIP                                   
-------------------------------------------------- ----- ----------                                 
CUST_COUNTRY                                                                                        
--------------------------------------------------                                                  
CUST_CONTACT                                                                                        
--------------------------------------------------                                                  
CUST_EMAIL                                                                                          
----------------------------------------------------------------------------------------------------
USA                                                                                                 

CUST_ID    CUST_NAME                                                                                
---------- --------------------------------------------------                                       
CUST_ADDRESS                                                                                        
--------------------------------------------------                                                  
CUST_CITY                                          CUST_ CUST_ZIP                                   
-------------------------------------------------- ----- ----------                                 
CUST_COUNTRY                                                                                        
--------------------------------------------------                                                  
CUST_CONTACT                                                                                        
--------------------------------------------------                                                  
CUST_EMAIL                                                                                          
----------------------------------------------------------------------------------------------------
John Smith                                                                                          

CUST_ID    CUST_NAME                                                                                
---------- --------------------------------------------------                                       
CUST_ADDRESS                                                                                        
--------------------------------------------------                                                  
CUST_CITY                                          CUST_ CUST_ZIP                                   
-------------------------------------------------- ----- ----------                                 
CUST_COUNTRY                                                                                        
--------------------------------------------------                                                  
CUST_CONTACT                                                                                        
--------------------------------------------------                                                  
CUST_EMAIL                                                                                          
----------------------------------------------------------------------------------------------------
sales@villagetoys.com                                                                               

CUST_ID    CUST_NAME                                                                                
---------- --------------------------------------------------                                       
CUST_ADDRESS                                                                                        
--------------------------------------------------                                                  
CUST_CITY                                          CUST_ CUST_ZIP                                   
-------------------------------------------------- ----- ----------                                 
CUST_COUNTRY                                                                                        
--------------------------------------------------                                                  
CUST_CONTACT                                                                                        
--------------------------------------------------                                                  
CUST_EMAIL                                                                                          
----------------------------------------------------------------------------------------------------
                                                                                                    

CUST_ID    CUST_NAME                                                                                
---------- --------------------------------------------------                                       
CUST_ADDRESS                                                                                        
--------------------------------------------------                                                  
CUST_CITY                                          CUST_ CUST_ZIP                                   
-------------------------------------------------- ----- ----------                                 
CUST_COUNTRY                                                                                        
--------------------------------------------------                                                  
CUST_CONTACT                                                                                        
--------------------------------------------------                                                  
CUST_EMAIL                                                                                          
----------------------------------------------------------------------------------------------------
                                                                                                    

CUST_ID    CUST_NAME                                                                                
---------- --------------------------------------------------                                       
CUST_ADDRESS                                                                                        
--------------------------------------------------                                                  
CUST_CITY                                          CUST_ CUST_ZIP                                   
-------------------------------------------------- ----- ----------                                 
CUST_COUNTRY                                                                                        
--------------------------------------------------                                                  
CUST_CONTACT                                                                                        
--------------------------------------------------                                                  
CUST_EMAIL                                                                                          
----------------------------------------------------------------------------------------------------
                                                                                                    

CUST_ID    CUST_NAME                                                                                
---------- --------------------------------------------------                                       
CUST_ADDRESS                                                                                        
--------------------------------------------------                                                  
CUST_CITY                                          CUST_ CUST_ZIP                                   
-------------------------------------------------- ----- ----------                                 
CUST_COUNTRY                                                                                        
--------------------------------------------------                                                  
CUST_CONTACT                                                                                        
--------------------------------------------------                                                  
CUST_EMAIL                                                                                          
----------------------------------------------------------------------------------------------------
1000000002 Kids Place                                                                               

CUST_ID    CUST_NAME                                                                                
---------- --------------------------------------------------                                       
CUST_ADDRESS                                                                                        
--------------------------------------------------                                                  
CUST_CITY                                          CUST_ CUST_ZIP                                   
-------------------------------------------------- ----- ----------                                 
CUST_COUNTRY                                                                                        
--------------------------------------------------                                                  
CUST_CONTACT                                                                                        
--------------------------------------------------                                                  
CUST_EMAIL                                                                                          
----------------------------------------------------------------------------------------------------
333 South Lake Drive                                                                                

CUST_ID    CUST_NAME                                                                                
---------- --------------------------------------------------                                       
CUST_ADDRESS                                                                                        
--------------------------------------------------                                                  
CUST_CITY                                          CUST_ CUST_ZIP                                   
-------------------------------------------------- ----- ----------                                 
CUST_COUNTRY                                                                                        
--------------------------------------------------                                                  
CUST_CONTACT                                                                                        
--------------------------------------------------                                                  
CUST_EMAIL                                                                                          
----------------------------------------------------------------------------------------------------
Columbus                                           OH    43333                                      

CUST_ID    CUST_NAME                                                                                
---------- --------------------------------------------------                                       
CUST_ADDRESS                                                                                        
--------------------------------------------------                                                  
CUST_CITY                                          CUST_ CUST_ZIP                                   
-------------------------------------------------- ----- ----------                                 
CUST_COUNTRY                                                                                        
--------------------------------------------------                                                  
CUST_CONTACT                                                                                        
--------------------------------------------------                                                  
CUST_EMAIL                                                                                          
----------------------------------------------------------------------------------------------------
USA                                                                                                 

CUST_ID    CUST_NAME                                                                                
---------- --------------------------------------------------                                       
CUST_ADDRESS                                                                                        
--------------------------------------------------                                                  
CUST_CITY                                          CUST_ CUST_ZIP                                   
-------------------------------------------------- ----- ----------                                 
CUST_COUNTRY                                                                                        
--------------------------------------------------                                                  
CUST_CONTACT                                                                                        
--------------------------------------------------                                                  
CUST_EMAIL                                                                                          
----------------------------------------------------------------------------------------------------
Michelle Green                                                                                      

CUST_ID    CUST_NAME                                                                                
---------- --------------------------------------------------                                       
CUST_ADDRESS                                                                                        
--------------------------------------------------                                                  
CUST_CITY                                          CUST_ CUST_ZIP                                   
-------------------------------------------------- ----- ----------                                 
CUST_COUNTRY                                                                                        
--------------------------------------------------                                                  
CUST_CONTACT                                                                                        
--------------------------------------------------                                                  
CUST_EMAIL                                                                                          
----------------------------------------------------------------------------------------------------
                                                                                                    

CUST_ID    CUST_NAME                                                                                
---------- --------------------------------------------------                                       
CUST_ADDRESS                                                                                        
--------------------------------------------------                                                  
CUST_CITY                                          CUST_ CUST_ZIP                                   
-------------------------------------------------- ----- ----------                                 
CUST_COUNTRY                                                                                        
--------------------------------------------------                                                  
CUST_CONTACT                                                                                        
--------------------------------------------------                                                  
CUST_EMAIL                                                                                          
----------------------------------------------------------------------------------------------------
                                                                                                    

CUST_ID    CUST_NAME                                                                                
---------- --------------------------------------------------                                       
CUST_ADDRESS                                                                                        
--------------------------------------------------                                                  
CUST_CITY                                          CUST_ CUST_ZIP                                   
-------------------------------------------------- ----- ----------                                 
CUST_COUNTRY                                                                                        
--------------------------------------------------                                                  
CUST_CONTACT                                                                                        
--------------------------------------------------                                                  
CUST_EMAIL                                                                                          
----------------------------------------------------------------------------------------------------
1000000003 Fun4All                                                                                  

CUST_ID    CUST_NAME                                                                                
---------- --------------------------------------------------                                       
CUST_ADDRESS                                                                                        
--------------------------------------------------                                                  
CUST_CITY                                          CUST_ CUST_ZIP                                   
-------------------------------------------------- ----- ----------                                 
CUST_COUNTRY                                                                                        
--------------------------------------------------                                                  
CUST_CONTACT                                                                                        
--------------------------------------------------                                                  
CUST_EMAIL                                                                                          
----------------------------------------------------------------------------------------------------
1 Sunny Place                                                                                       

CUST_ID    CUST_NAME                                                                                
---------- --------------------------------------------------                                       
CUST_ADDRESS                                                                                        
--------------------------------------------------                                                  
CUST_CITY                                          CUST_ CUST_ZIP                                   
-------------------------------------------------- ----- ----------                                 
CUST_COUNTRY                                                                                        
--------------------------------------------------                                                  
CUST_CONTACT                                                                                        
--------------------------------------------------                                                  
CUST_EMAIL                                                                                          
----------------------------------------------------------------------------------------------------
Muncie                                             IN    42222                                      

CUST_ID    CUST_NAME                                                                                
---------- --------------------------------------------------                                       
CUST_ADDRESS                                                                                        
--------------------------------------------------                                                  
CUST_CITY                                          CUST_ CUST_ZIP                                   
-------------------------------------------------- ----- ----------                                 
CUST_COUNTRY                                                                                        
--------------------------------------------------                                                  
CUST_CONTACT                                                                                        
--------------------------------------------------                                                  
CUST_EMAIL                                                                                          
----------------------------------------------------------------------------------------------------
USA                                                                                                 

CUST_ID    CUST_NAME                                                                                
---------- --------------------------------------------------                                       
CUST_ADDRESS                                                                                        
--------------------------------------------------                                                  
CUST_CITY                                          CUST_ CUST_ZIP                                   
-------------------------------------------------- ----- ----------                                 
CUST_COUNTRY                                                                                        
--------------------------------------------------                                                  
CUST_CONTACT                                                                                        
--------------------------------------------------                                                  
CUST_EMAIL                                                                                          
----------------------------------------------------------------------------------------------------
Jim Jones                                                                                           

CUST_ID    CUST_NAME                                                                                
---------- --------------------------------------------------                                       
CUST_ADDRESS                                                                                        
--------------------------------------------------                                                  
CUST_CITY                                          CUST_ CUST_ZIP                                   
-------------------------------------------------- ----- ----------                                 
CUST_COUNTRY                                                                                        
--------------------------------------------------                                                  
CUST_CONTACT                                                                                        
--------------------------------------------------                                                  
CUST_EMAIL                                                                                          
----------------------------------------------------------------------------------------------------
jjones@fun4all.com                                                                                  

CUST_ID    CUST_NAME                                                                                
---------- --------------------------------------------------                                       
CUST_ADDRESS                                                                                        
--------------------------------------------------                                                  
CUST_CITY                                          CUST_ CUST_ZIP                                   
-------------------------------------------------- ----- ----------                                 
CUST_COUNTRY                                                                                        
--------------------------------------------------                                                  
CUST_CONTACT                                                                                        
--------------------------------------------------                                                  
CUST_EMAIL                                                                                          
----------------------------------------------------------------------------------------------------
                                                                                                    

CUST_ID    CUST_NAME                                                                                
---------- --------------------------------------------------                                       
CUST_ADDRESS                                                                                        
--------------------------------------------------                                                  
CUST_CITY                                          CUST_ CUST_ZIP                                   
-------------------------------------------------- ----- ----------                                 
CUST_COUNTRY                                                                                        
--------------------------------------------------                                                  
CUST_CONTACT                                                                                        
--------------------------------------------------                                                  
CUST_EMAIL                                                                                          
----------------------------------------------------------------------------------------------------
                                                                                                    

CUST_ID    CUST_NAME                                                                                
---------- --------------------------------------------------                                       
CUST_ADDRESS                                                                                        
--------------------------------------------------                                                  
CUST_CITY                                          CUST_ CUST_ZIP                                   
-------------------------------------------------- ----- ----------                                 
CUST_COUNTRY                                                                                        
--------------------------------------------------                                                  
CUST_CONTACT                                                                                        
--------------------------------------------------                                                  
CUST_EMAIL                                                                                          
----------------------------------------------------------------------------------------------------
                                                                                                    

CUST_ID    CUST_NAME                                                                                
---------- --------------------------------------------------                                       
CUST_ADDRESS                                                                                        
--------------------------------------------------                                                  
CUST_CITY                                          CUST_ CUST_ZIP                                   
-------------------------------------------------- ----- ----------                                 
CUST_COUNTRY                                                                                        
--------------------------------------------------                                                  
CUST_CONTACT                                                                                        
--------------------------------------------------                                                  
CUST_EMAIL                                                                                          
----------------------------------------------------------------------------------------------------
1000000004 Fun4All                                                                                  

CUST_ID    CUST_NAME                                                                                
---------- --------------------------------------------------                                       
CUST_ADDRESS                                                                                        
--------------------------------------------------                                                  
CUST_CITY                                          CUST_ CUST_ZIP                                   
-------------------------------------------------- ----- ----------                                 
CUST_COUNTRY                                                                                        
--------------------------------------------------                                                  
CUST_CONTACT                                                                                        
--------------------------------------------------                                                  
CUST_EMAIL                                                                                          
----------------------------------------------------------------------------------------------------
829 Riverside Drive                                                                                 

CUST_ID    CUST_NAME                                                                                
---------- --------------------------------------------------                                       
CUST_ADDRESS                                                                                        
--------------------------------------------------                                                  
CUST_CITY                                          CUST_ CUST_ZIP                                   
-------------------------------------------------- ----- ----------                                 
CUST_COUNTRY                                                                                        
--------------------------------------------------                                                  
CUST_CONTACT                                                                                        
--------------------------------------------------                                                  
CUST_EMAIL                                                                                          
----------------------------------------------------------------------------------------------------
Phoenix                                            AZ    88888                                      

CUST_ID    CUST_NAME                                                                                
---------- --------------------------------------------------                                       
CUST_ADDRESS                                                                                        
--------------------------------------------------                                                  
CUST_CITY                                          CUST_ CUST_ZIP                                   
-------------------------------------------------- ----- ----------                                 
CUST_COUNTRY                                                                                        
--------------------------------------------------                                                  
CUST_CONTACT                                                                                        
--------------------------------------------------                                                  
CUST_EMAIL                                                                                          
----------------------------------------------------------------------------------------------------
USA                                                                                                 

CUST_ID    CUST_NAME                                                                                
---------- --------------------------------------------------                                       
CUST_ADDRESS                                                                                        
--------------------------------------------------                                                  
CUST_CITY                                          CUST_ CUST_ZIP                                   
-------------------------------------------------- ----- ----------                                 
CUST_COUNTRY                                                                                        
--------------------------------------------------                                                  
CUST_CONTACT                                                                                        
--------------------------------------------------                                                  
CUST_EMAIL                                                                                          
----------------------------------------------------------------------------------------------------
Denise L. Stephens                                                                                  

CUST_ID    CUST_NAME                                                                                
---------- --------------------------------------------------                                       
CUST_ADDRESS                                                                                        
--------------------------------------------------                                                  
CUST_CITY                                          CUST_ CUST_ZIP                                   
-------------------------------------------------- ----- ----------                                 
CUST_COUNTRY                                                                                        
--------------------------------------------------                                                  
CUST_CONTACT                                                                                        
--------------------------------------------------                                                  
CUST_EMAIL                                                                                          
----------------------------------------------------------------------------------------------------
dstephens@fun4all.com                                                                               

CUST_ID    CUST_NAME                                                                                
---------- --------------------------------------------------                                       
CUST_ADDRESS                                                                                        
--------------------------------------------------                                                  
CUST_CITY                                          CUST_ CUST_ZIP                                   
-------------------------------------------------- ----- ----------                                 
CUST_COUNTRY                                                                                        
--------------------------------------------------                                                  
CUST_CONTACT                                                                                        
--------------------------------------------------                                                  
CUST_EMAIL                                                                                          
----------------------------------------------------------------------------------------------------
                                                                                                    

CUST_ID    CUST_NAME                                                                                
---------- --------------------------------------------------                                       
CUST_ADDRESS                                                                                        
--------------------------------------------------                                                  
CUST_CITY                                          CUST_ CUST_ZIP                                   
-------------------------------------------------- ----- ----------                                 
CUST_COUNTRY                                                                                        
--------------------------------------------------                                                  
CUST_CONTACT                                                                                        
--------------------------------------------------                                                  
CUST_EMAIL                                                                                          
----------------------------------------------------------------------------------------------------
                                                                                                    

CUST_ID    CUST_NAME                                                                                
---------- --------------------------------------------------                                       
CUST_ADDRESS                                                                                        
--------------------------------------------------                                                  
CUST_CITY                                          CUST_ CUST_ZIP                                   
-------------------------------------------------- ----- ----------                                 
CUST_COUNTRY                                                                                        
--------------------------------------------------                                                  
CUST_CONTACT                                                                                        
--------------------------------------------------                                                  
CUST_EMAIL                                                                                          
----------------------------------------------------------------------------------------------------
                                                                                                    

CUST_ID    CUST_NAME                                                                                
---------- --------------------------------------------------                                       
CUST_ADDRESS                                                                                        
--------------------------------------------------                                                  
CUST_CITY                                          CUST_ CUST_ZIP                                   
-------------------------------------------------- ----- ----------                                 
CUST_COUNTRY                                                                                        
--------------------------------------------------                                                  
CUST_CONTACT                                                                                        
--------------------------------------------------                                                  
CUST_EMAIL                                                                                          
----------------------------------------------------------------------------------------------------
1000000005 The Toy Store                                                                            

CUST_ID    CUST_NAME                                                                                
---------- --------------------------------------------------                                       
CUST_ADDRESS                                                                                        
--------------------------------------------------                                                  
CUST_CITY                                          CUST_ CUST_ZIP                                   
-------------------------------------------------- ----- ----------                                 
CUST_COUNTRY                                                                                        
--------------------------------------------------                                                  
CUST_CONTACT                                                                                        
--------------------------------------------------                                                  
CUST_EMAIL                                                                                          
----------------------------------------------------------------------------------------------------
4545 53rd Street                                                                                    

CUST_ID    CUST_NAME                                                                                
---------- --------------------------------------------------                                       
CUST_ADDRESS                                                                                        
--------------------------------------------------                                                  
CUST_CITY                                          CUST_ CUST_ZIP                                   
-------------------------------------------------- ----- ----------                                 
CUST_COUNTRY                                                                                        
--------------------------------------------------                                                  
CUST_CONTACT                                                                                        
--------------------------------------------------                                                  
CUST_EMAIL                                                                                          
----------------------------------------------------------------------------------------------------
Chicago                                            IL    54545                                      

CUST_ID    CUST_NAME                                                                                
---------- --------------------------------------------------                                       
CUST_ADDRESS                                                                                        
--------------------------------------------------                                                  
CUST_CITY                                          CUST_ CUST_ZIP                                   
-------------------------------------------------- ----- ----------                                 
CUST_COUNTRY                                                                                        
--------------------------------------------------                                                  
CUST_CONTACT                                                                                        
--------------------------------------------------                                                  
CUST_EMAIL                                                                                          
----------------------------------------------------------------------------------------------------
USA                                                                                                 

CUST_ID    CUST_NAME                                                                                
---------- --------------------------------------------------                                       
CUST_ADDRESS                                                                                        
--------------------------------------------------                                                  
CUST_CITY                                          CUST_ CUST_ZIP                                   
-------------------------------------------------- ----- ----------                                 
CUST_COUNTRY                                                                                        
--------------------------------------------------                                                  
CUST_CONTACT                                                                                        
--------------------------------------------------                                                  
CUST_EMAIL                                                                                          
----------------------------------------------------------------------------------------------------
Kim Howard                                                                                          

CUST_ID    CUST_NAME                                                                                
---------- --------------------------------------------------                                       
CUST_ADDRESS                                                                                        
--------------------------------------------------                                                  
CUST_CITY                                          CUST_ CUST_ZIP                                   
-------------------------------------------------- ----- ----------                                 
CUST_COUNTRY                                                                                        
--------------------------------------------------                                                  
CUST_CONTACT                                                                                        
--------------------------------------------------                                                  
CUST_EMAIL                                                                                          
----------------------------------------------------------------------------------------------------
                                                                                                    

CUST_ID    CUST_NAME                                                                                
---------- --------------------------------------------------                                       
CUST_ADDRESS                                                                                        
--------------------------------------------------                                                  
CUST_CITY                                          CUST_ CUST_ZIP                                   
-------------------------------------------------- ----- ----------                                 
CUST_COUNTRY                                                                                        
--------------------------------------------------                                                  
CUST_CONTACT                                                                                        
--------------------------------------------------                                                  
CUST_EMAIL                                                                                          
----------------------------------------------------------------------------------------------------
                                                                                                    

SQL> select prod_id, quantity, item_price from orderitems
  2  where order_num = 20008;

PROD_ID      QUANTITY ITEM_PRICE                                                                    
---------- ---------- ----------                                                                    
RGAN01              5       4.99                                                                    
BR03                5      11.99                                                                    
BNBG01             10       3.49                                                                    
BNBG02             10       3.49                                                                    
BNBG03             10       3.49                                                                    

SQL> conn scott/tiger@orcl;
Connected.
