
        N1 PADDING
---------- --------------------
         1 x
         1 x
         1 x
         1 x
         1 x
         1 x
         1 x
         1 x
         1 x
         1 x
         1 x
         1 x
         1 x
         1 x
         1 x
         1 x
         1 x
         1 x
         1 x
         1 x
         1 x

        N1 PADDING
---------- --------------------
         1 x
         1 x
         1 x
         1 x
         1 x
         1 x
         1 x
         1 x
         1 x
         1 x
         1 x
         1 x
         1 x
         1 x
         1 x
         1 x
         1 x
         1 x
         1 x
         1 x
         1 x

        N1 PADDING
---------- --------------------
         1 x
         1 x
         1 x
         1 x
         1 x
         1 x
         1 x
         1 x
         1 x
         1 x
         1 x
         1 x
         1 x
         1 x
         1 x
         1 x
         1 x
         1 x
         1 x
         1 x
         1 x

        N1 PADDING
---------- --------------------
         1 x
         1 x
         1 x
         1 x
         1 x
         1 x
         1 x
         1 x
         1 x
         1 x
         1 x
         1 x
         1 x
         1 x
         1 x
         1 x
         1 x
         1 x
         1 x
         1 x
         1 x

        N1 PADDING
---------- --------------------
         1 x
         1 x
         1 x
         1 x
         1 x
         1 x
         1 x
         1 x
         1 x
         1 x
         1 x
         1 x
         1 x
         1 x
         1 x
         1 x
         2 x
         2 x
         2 x
         2 x
         2 x

        N1 PADDING
---------- --------------------
         2 x
         2 x
         2 x
         2 x
         2 x
         2 x
         2 x
         2 x
         2 x
         2 x
         2 x
         2 x
         2 x
         2 x
         2 x
         2 x
         2 x
         2 x
         2 x
         2 x
         2 x

        N1 PADDING
---------- --------------------
         2 x
         2 x
         2 x
         2 x
         2 x
         2 x
         2 x
         2 x
         2 x
         2 x
         2 x
         2 x
         2 x
         2 x
         2 x
         2 x
         2 x
         2 x
         2 x
         2 x
         2 x

        N1 PADDING
---------- --------------------
         2 x
         2 x
         2 x
         2 x
         2 x
         2 x
         2 x
         2 x
         2 x
         2 x
         2 x
         2 x
         2 x
         2 x
         2 x
         2 x
         2 x
         2 x
         2 x
         2 x
         2 x

        N1 PADDING
---------- --------------------
         2 x
         2 x
         2 x
         2 x
         2 x
         2 x
         2 x
         2 x
         2 x
         2 x
         2 x
         2 x
         2 x
         2 x
         2 x
         2 x
         2 x
         2 x
         2 x
         2 x
         2 x

        N1 PADDING
---------- --------------------
         2 x
         2 x
         2 x
         2 x
         2 x
         2 x
         2 x
         2 x
         2 x
         2 x
         2 x

已选择200行。


执行计划
----------------------------------------------------------
Plan hash value: 3617692013

----------------------------------------------------------
| Id  | Operation         | Name | Rows  | Bytes | Cost  |
----------------------------------------------------------
|   0 | SELECT STATEMENT  |      |   200 | 20800 |     5 |
|*  1 |  TABLE ACCESS FULL| T1   |   200 | 20800 |     5 |
----------------------------------------------------------

Predicate Information (identified by operation id):
---------------------------------------------------

   1 - filter("N1"=1 OR "N1"=2)

Note
-----
   - cpu costing is off (consider enabling it)


统计信息
----------------------------------------------------------
          1  recursive calls
          0  db block gets
         27  consistent gets
          0  physical reads
          0  redo size
       2402  bytes sent via SQL*Net to client
        492  bytes received via SQL*Net from client
          9  SQL*Net roundtrips to/from client
          0  sorts (memory)
          0  sorts (disk)
        200  rows processed

