Predicted cost (9.2.0.6): 1070604

Filter Predicate
------------------------------------------------------------------------------------------------------------------------
    CPU cost
------------
TO_NUMBER("V1")=1 AND "N2"=18 AND "N1"=998
     791,968




Predicted cost (9.2.0.6): 762787

Filter Predicate
------------------------------------------------------------------------------------------------------------------------
    CPU cost
------------
"N1"=998 AND "N2"=18 AND TO_NUMBER("V1")=1
     784,145




Predicted cost (9.2.0.6): 1070232

Filter Predicate
------------------------------------------------------------------------------------------------------------------------
    CPU cost
------------
TO_NUMBER("V1")=1 AND "N1"=998 AND "N2"=18
     791,595




Predicted cost (9.2.0.6): 762882

Filter Predicate
------------------------------------------------------------------------------------------------------------------------
    CPU cost
------------
"N1"=998 AND TO_NUMBER("V1")=1 AND "N2"=18
     784,145




Predicted cost (9.2.0.6): 770237

Filter Predicate
------------------------------------------------------------------------------------------------------------------------
    CPU cost
------------
"N2"=18 AND "N1"=998 AND TO_NUMBER("V1")=1
     791,595




Predicted cost (9.2.0.6): 785604

Filter Predicate
------------------------------------------------------------------------------------------------------------------------
    CPU cost
------------
"N2"=18 AND TO_NUMBER("V1")=1 AND "N1"=998
     791,968




Left to its own choice of predicate order

Filter Predicate
------------------------------------------------------------------------------------------------------------------------
    CPU cost
------------
"N1"=998 AND TO_NUMBER("V1")=1 AND "N2"=18
     784,145




And one last option where the coercion on v1 is not needed
Predicted cost (9.2.0.6): 770604

Filter Predicate
------------------------------------------------------------------------------------------------------------------------
    CPU cost
------------
"V1"='1' AND "N2"=18 AND "N1"=998
     791,968




