
Session altered.

db_file_multiblock_read_count = 4

Execution Plan
----------------------------------------------------------
Plan hash value: 3724264953

-----------------------------------------------------------
| Id  | Operation          | Name | Rows  | Bytes | Cost  |
-----------------------------------------------------------
|   0 | SELECT STATEMENT   |      |     1 |     4 |  2431 |
|   1 |  SORT AGGREGATE    |      |     1 |     4 |       |
|   2 |   TABLE ACCESS FULL| T1   | 10000 | 40000 |  2431 |
-----------------------------------------------------------

Note
-----
   - cpu costing is off (consider enabling it)


Session altered.

db_file_multiblock_read_count = 8

Execution Plan
----------------------------------------------------------
Plan hash value: 3724264953

-----------------------------------------------------------
| Id  | Operation          | Name | Rows  | Bytes | Cost  |
-----------------------------------------------------------
|   0 | SELECT STATEMENT   |      |     1 |     4 |  1541 |
|   1 |  SORT AGGREGATE    |      |     1 |     4 |       |
|   2 |   TABLE ACCESS FULL| T1   | 10000 | 40000 |  1541 |
-----------------------------------------------------------

Note
-----
   - cpu costing is off (consider enabling it)


Session altered.

db_file_multiblock_read_count = 16

Execution Plan
----------------------------------------------------------
Plan hash value: 3724264953

-----------------------------------------------------------
| Id  | Operation          | Name | Rows  | Bytes | Cost  |
-----------------------------------------------------------
|   0 | SELECT STATEMENT   |      |     1 |     4 |   977 |
|   1 |  SORT AGGREGATE    |      |     1 |     4 |       |
|   2 |   TABLE ACCESS FULL| T1   | 10000 | 40000 |   977 |
-----------------------------------------------------------

Note
-----
   - cpu costing is off (consider enabling it)


Session altered.

db_file_multiblock_read_count = 32

Execution Plan
----------------------------------------------------------
Plan hash value: 3724264953

-----------------------------------------------------------
| Id  | Operation          | Name | Rows  | Bytes | Cost  |
-----------------------------------------------------------
|   0 | SELECT STATEMENT   |      |     1 |     4 |   620 |
|   1 |  SORT AGGREGATE    |      |     1 |     4 |       |
|   2 |   TABLE ACCESS FULL| T1   | 10000 | 40000 |   620 |
-----------------------------------------------------------

Note
-----
   - cpu costing is off (consider enabling it)


Session altered.

db_file_multiblock_read_count = 64

Execution Plan
----------------------------------------------------------
Plan hash value: 3724264953

-----------------------------------------------------------
| Id  | Operation          | Name | Rows  | Bytes | Cost  |
-----------------------------------------------------------
|   0 | SELECT STATEMENT   |      |     1 |     4 |   393 |
|   1 |  SORT AGGREGATE    |      |     1 |     4 |       |
|   2 |   TABLE ACCESS FULL| T1   | 10000 | 40000 |   393 |
-----------------------------------------------------------

Note
-----
   - cpu costing is off (consider enabling it)


Session altered.

db_file_multiblock_read_count = 128

Execution Plan
----------------------------------------------------------
Plan hash value: 3724264953

-----------------------------------------------------------
| Id  | Operation          | Name | Rows  | Bytes | Cost  |
-----------------------------------------------------------
|   0 | SELECT STATEMENT   |      |     1 |     4 |   250 |
|   1 |  SORT AGGREGATE    |      |     1 |     4 |       |
|   2 |   TABLE ACCESS FULL| T1   | 10000 | 40000 |   250 |
-----------------------------------------------------------

Note
-----
   - cpu costing is off (consider enabling it)


Session altered.


Execution Plan
----------------------------------------------------------
Plan hash value: 136660032

-----------------------------------------------------------
| Id  | Operation          | Name | Rows  | Bytes | Cost  |
-----------------------------------------------------------
|   0 | SELECT STATEMENT   |      |   582 |  2328 |  1597 |
|   1 |  HASH GROUP BY     |      |   582 |  2328 |  1597 |
|   2 |   TABLE ACCESS FULL| T1   | 10000 | 40000 |  1541 |
-----------------------------------------------------------

Note
-----
   - cpu costing is off (consider enabling it)

