
会话已更改。

db_file_multiblock_read_count = 4

执行计划
----------------------------------------------------------
Plan hash value: 3724264953

-----------------------------------------------------------
| Id  | Operation          | Name | Rows  | Bytes | Cost  |
-----------------------------------------------------------
|   0 | SELECT STATEMENT   |      |     1 |     4 |  2431 |
|   1 |  SORT AGGREGATE    |      |     1 |     4 |       |
|   2 |   TABLE ACCESS FULL| T1   | 10000 | 40000 |  2431 |
-----------------------------------------------------------

Note
-----
   - cpu costing is off (consider enabling it)


会话已更改。

db_file_multiblock_read_count = 8

执行计划
----------------------------------------------------------
Plan hash value: 3724264953

-----------------------------------------------------------
| Id  | Operation          | Name | Rows  | Bytes | Cost  |
-----------------------------------------------------------
|   0 | SELECT STATEMENT   |      |     1 |     4 |  1541 |
|   1 |  SORT AGGREGATE    |      |     1 |     4 |       |
|   2 |   TABLE ACCESS FULL| T1   | 10000 | 40000 |  1541 |
-----------------------------------------------------------

Note
-----
   - cpu costing is off (consider enabling it)


会话已更改。

db_file_multiblock_read_count = 16

执行计划
----------------------------------------------------------
Plan hash value: 3724264953

-----------------------------------------------------------
| Id  | Operation          | Name | Rows  | Bytes | Cost  |
-----------------------------------------------------------
|   0 | SELECT STATEMENT   |      |     1 |     4 |   977 |
|   1 |  SORT AGGREGATE    |      |     1 |     4 |       |
|   2 |   TABLE ACCESS FULL| T1   | 10000 | 40000 |   977 |
-----------------------------------------------------------

Note
-----
   - cpu costing is off (consider enabling it)


会话已更改。

db_file_multiblock_read_count = 32

执行计划
----------------------------------------------------------
Plan hash value: 3724264953

-----------------------------------------------------------
| Id  | Operation          | Name | Rows  | Bytes | Cost  |
-----------------------------------------------------------
|   0 | SELECT STATEMENT   |      |     1 |     4 |   620 |
|   1 |  SORT AGGREGATE    |      |     1 |     4 |       |
|   2 |   TABLE ACCESS FULL| T1   | 10000 | 40000 |   620 |
-----------------------------------------------------------

Note
-----
   - cpu costing is off (consider enabling it)


会话已更改。

db_file_multiblock_read_count = 64

执行计划
----------------------------------------------------------
Plan hash value: 3724264953

-----------------------------------------------------------
| Id  | Operation          | Name | Rows  | Bytes | Cost  |
-----------------------------------------------------------
|   0 | SELECT STATEMENT   |      |     1 |     4 |   393 |
|   1 |  SORT AGGREGATE    |      |     1 |     4 |       |
|   2 |   TABLE ACCESS FULL| T1   | 10000 | 40000 |   393 |
-----------------------------------------------------------

Note
-----
   - cpu costing is off (consider enabling it)


会话已更改。

db_file_multiblock_read_count = 128

执行计划
----------------------------------------------------------
Plan hash value: 3724264953

-----------------------------------------------------------
| Id  | Operation          | Name | Rows  | Bytes | Cost  |
-----------------------------------------------------------
|   0 | SELECT STATEMENT   |      |     1 |     4 |   250 |
|   1 |  SORT AGGREGATE    |      |     1 |     4 |       |
|   2 |   TABLE ACCESS FULL| T1   | 10000 | 40000 |   250 |
-----------------------------------------------------------

Note
-----
   - cpu costing is off (consider enabling it)


会话已更改。


执行计划
----------------------------------------------------------
Plan hash value: 136660032

-----------------------------------------------------------
| Id  | Operation          | Name | Rows  | Bytes | Cost  |
-----------------------------------------------------------
|   0 | SELECT STATEMENT   |      |   582 |  2328 |  1565 |
|   1 |  HASH GROUP BY     |      |   582 |  2328 |  1565 |
|   2 |   TABLE ACCESS FULL| T1   | 10000 | 40000 |  1541 |
-----------------------------------------------------------

Note
-----
   - cpu costing is off (consider enabling it)

